Archive member included because of file (symbol)

c:/freescale/kds_3.0.0/toolchain/bin/../lib/gcc/arm-none-eabi/4.8.4/armv7e-m/fpu\libgcc.a(_aeabi_uldivmod.o)
                              ./SDK/platform/drivers/src/pit/fsl_pit_driver.o (__aeabi_uldivmod)
c:/freescale/kds_3.0.0/toolchain/bin/../lib/gcc/arm-none-eabi/4.8.4/armv7e-m/fpu\libgcc.a(bpabi.o)
                              c:/freescale/kds_3.0.0/toolchain/bin/../lib/gcc/arm-none-eabi/4.8.4/armv7e-m/fpu\libgcc.a(_aeabi_uldivmod.o) (__gnu_uldivmod_helper)
c:/freescale/kds_3.0.0/toolchain/bin/../lib/gcc/arm-none-eabi/4.8.4/armv7e-m/fpu\libgcc.a(_dvmd_tls.o)
                              c:/freescale/kds_3.0.0/toolchain/bin/../lib/gcc/arm-none-eabi/4.8.4/armv7e-m/fpu\libgcc.a(_aeabi_uldivmod.o) (__aeabi_ldiv0)
c:/freescale/kds_3.0.0/toolchain/bin/../lib/gcc/arm-none-eabi/4.8.4/armv7e-m/fpu\libgcc.a(_divdi3.o)
                              c:/freescale/kds_3.0.0/toolchain/bin/../lib/gcc/arm-none-eabi/4.8.4/armv7e-m/fpu\libgcc.a(bpabi.o) (__divdi3)
c:/freescale/kds_3.0.0/toolchain/bin/../lib/gcc/arm-none-eabi/4.8.4/armv7e-m/fpu\libgcc.a(_udivdi3.o)
                              c:/freescale/kds_3.0.0/toolchain/bin/../lib/gcc/arm-none-eabi/4.8.4/armv7e-m/fpu\libgcc.a(bpabi.o) (__udivdi3)
c:/freescale/kds_3.0.0/toolchain/bin/../lib/gcc/arm-none-eabi/4.8.4/../../../../arm-none-eabi/lib/armv7e-m/fpu\libg_s.a(lib_a-assert.o)
                              ./Sources/Events.o (__assert_func)
c:/freescale/kds_3.0.0/toolchain/bin/../lib/gcc/arm-none-eabi/4.8.4/../../../../arm-none-eabi/lib/armv7e-m/fpu\libg_s.a(lib_a-calloc.o)
                              ./SDK/platform/osa/src/fsl_os_abstraction_bm.o (calloc)
c:/freescale/kds_3.0.0/toolchain/bin/../lib/gcc/arm-none-eabi/4.8.4/../../../../arm-none-eabi/lib/armv7e-m/fpu\libg_s.a(lib_a-exit.o)
                              c:/freescale/kds_3.0.0/toolchain/bin/../lib/gcc/arm-none-eabi/4.8.4/../../../../arm-none-eabi/lib/armv7e-m/fpu/crt0.o (exit)
c:/freescale/kds_3.0.0/toolchain/bin/../lib/gcc/arm-none-eabi/4.8.4/../../../../arm-none-eabi/lib/armv7e-m/fpu\libg_s.a(lib_a-fprintf.o)
                              c:/freescale/kds_3.0.0/toolchain/bin/../lib/gcc/arm-none-eabi/4.8.4/../../../../arm-none-eabi/lib/armv7e-m/fpu\libg_s.a(lib_a-assert.o) (fiprintf)
c:/freescale/kds_3.0.0/toolchain/bin/../lib/gcc/arm-none-eabi/4.8.4/../../../../arm-none-eabi/lib/armv7e-m/fpu\libg_s.a(lib_a-impure.o)
                              c:/freescale/kds_3.0.0/toolchain/bin/../lib/gcc/arm-none-eabi/4.8.4/../../../../arm-none-eabi/lib/armv7e-m/fpu\libg_s.a(lib_a-exit.o) (_global_impure_ptr)
c:/freescale/kds_3.0.0/toolchain/bin/../lib/gcc/arm-none-eabi/4.8.4/../../../../arm-none-eabi/lib/armv7e-m/fpu\libg_s.a(lib_a-init.o)
                              c:/freescale/kds_3.0.0/toolchain/bin/../lib/gcc/arm-none-eabi/4.8.4/../../../../arm-none-eabi/lib/armv7e-m/fpu/crt0.o (__libc_init_array)
c:/freescale/kds_3.0.0/toolchain/bin/../lib/gcc/arm-none-eabi/4.8.4/../../../../arm-none-eabi/lib/armv7e-m/fpu\libg_s.a(lib_a-malloc.o)
                              ./SDK/platform/osa/src/fsl_os_abstraction_bm.o (malloc)
c:/freescale/kds_3.0.0/toolchain/bin/../lib/gcc/arm-none-eabi/4.8.4/../../../../arm-none-eabi/lib/armv7e-m/fpu\libg_s.a(lib_a-memset.o)
                              c:/freescale/kds_3.0.0/toolchain/bin/../lib/gcc/arm-none-eabi/4.8.4/../../../../arm-none-eabi/lib/armv7e-m/fpu/crt0.o (memset)
c:/freescale/kds_3.0.0/toolchain/bin/../lib/gcc/arm-none-eabi/4.8.4/../../../../arm-none-eabi/lib/armv7e-m/fpu\libg_s.a(lib_a-nano-callocr.o)
                              c:/freescale/kds_3.0.0/toolchain/bin/../lib/gcc/arm-none-eabi/4.8.4/../../../../arm-none-eabi/lib/armv7e-m/fpu\libg_s.a(lib_a-calloc.o) (_calloc_r)
c:/freescale/kds_3.0.0/toolchain/bin/../lib/gcc/arm-none-eabi/4.8.4/../../../../arm-none-eabi/lib/armv7e-m/fpu\libg_s.a(lib_a-nano-freer.o)
                              c:/freescale/kds_3.0.0/toolchain/bin/../lib/gcc/arm-none-eabi/4.8.4/../../../../arm-none-eabi/lib/armv7e-m/fpu\libg_s.a(lib_a-malloc.o) (_free_r)
c:/freescale/kds_3.0.0/toolchain/bin/../lib/gcc/arm-none-eabi/4.8.4/../../../../arm-none-eabi/lib/armv7e-m/fpu\libg_s.a(lib_a-nano-mallocr.o)
                              c:/freescale/kds_3.0.0/toolchain/bin/../lib/gcc/arm-none-eabi/4.8.4/../../../../arm-none-eabi/lib/armv7e-m/fpu\libg_s.a(lib_a-malloc.o) (_malloc_r)
c:/freescale/kds_3.0.0/toolchain/bin/../lib/gcc/arm-none-eabi/4.8.4/../../../../arm-none-eabi/lib/armv7e-m/fpu\libg_s.a(lib_a-sbrkr.o)
                              c:/freescale/kds_3.0.0/toolchain/bin/../lib/gcc/arm-none-eabi/4.8.4/../../../../arm-none-eabi/lib/armv7e-m/fpu\libg_s.a(lib_a-nano-mallocr.o) (_sbrk_r)
c:/freescale/kds_3.0.0/toolchain/bin/../lib/gcc/arm-none-eabi/4.8.4/../../../../arm-none-eabi/lib/armv7e-m/fpu\libg_s.a(lib_a-vfprintf.o)
[...]
Memory Configuration

Name             Origin             Length             Attributes
m_interrupts     0x00000000         0x00000400         xr
m_flash_config   0x00000400         0x00000010         xr
m_interrupts_ram 0x1fff0000         0x00000400         rw
m_text           0x00000410         0x0007fbf0         xr
m_data           0x1fff0400         0x0000fc00         rw
m_data_2         0x20000000         0x00010000         rw
*default*        0x00000000         0xffffffff

Linker script and memory map

LOAD c:/freescale/kds_3.0.0/toolchain/bin/../lib/gcc/arm-none-eabi/4.8.4/armv7e-m/fpu/crti.o
LOAD c:/freescale/kds_3.0.0/toolchain/bin/../lib/gcc/arm-none-eabi/4.8.4/armv7e-m/fpu/crtbegin.o
LOAD c:/freescale/kds_3.0.0/toolchain/bin/../lib/gcc/arm-none-eabi/4.8.4/../../../../arm-none-eabi/lib/armv7e-m/fpu/crt0.o
LOAD ./Static_Code/System/PE_low_level_init.o
LOAD ./Sources/Events.o
LOAD ./Sources/NRF24L01_DRIVER.o
LOAD ./Sources/main.o
LOAD ./SDK/platform/system/src/interrupt/fsl_interrupt_manager.o
LOAD ./SDK/platform/system/src/clock/MK22F51212/fsl_clock_MK22F51212.o
LOAD ./SDK/platform/system/src/clock/fsl_clock_manager.o
LOAD ./SDK/platform/system/src/clock/fsl_clock_manager_common.o
LOAD ./SDK/platform/osa/src/fsl_os_abstraction_bm.o
LOAD ./SDK/platform/hal/src/uart/fsl_uart_hal.o
LOAD ./SDK/platform/hal/src/sim/MK22F51212/fsl_sim_hal_MK22F51212.o
LOAD ./SDK/platform/hal/src/rtc/fsl_rtc_hal.o
LOAD ./SDK/platform/hal/src/port/fsl_port_hal.o
LOAD ./SDK/platform/hal/src/pit/fsl_pit_hal.o
LOAD ./SDK/platform/hal/src/osc/fsl_osc_hal.o
LOAD ./SDK/platform/hal/src/mcg/fsl_mcg_hal.o
LOAD ./SDK/platform/hal/src/mcg/fsl_mcg_hal_modes.o
LOAD ./SDK/platform/hal/src/gpio/fsl_gpio_hal.o
LOAD ./SDK/platform/hal/src/ftm/fsl_ftm_hal.o
LOAD ./SDK/platform/hal/src/edma/fsl_edma_hal.o
LOAD ./SDK/platform/hal/src/dspi/fsl_dspi_hal.o
LOAD ./SDK/platform/hal/src/dmamux/fsl_dmamux_hal.o
LOAD ./SDK/platform/drivers/src/uart/fsl_uart_common.o
LOAD ./SDK/platform/drivers/src/uart/fsl_uart_driver.o
LOAD ./SDK/platform/drivers/src/rtc/fsl_rtc_common.o
LOAD ./SDK/platform/drivers/src/pit/fsl_pit_common.o
LOAD ./SDK/platform/drivers/src/pit/fsl_pit_driver.o
LOAD ./SDK/platform/drivers/src/gpio/fsl_gpio_common.o
LOAD ./SDK/platform/drivers/src/gpio/fsl_gpio_driver.o
LOAD ./SDK/platform/drivers/src/ftm/fsl_ftm_common.o
LOAD ./SDK/platform/drivers/src/ftm/fsl_ftm_driver.o
LOAD ./SDK/platform/drivers/src/edma/fsl_edma_common.o
LOAD ./SDK/platform/drivers/src/edma/fsl_edma_driver.o
LOAD ./SDK/platform/drivers/src/dspi/fsl_dspi_common.o
LOAD ./SDK/platform/drivers/src/dspi/fsl_dspi_master_driver.o
LOAD ./SDK/platform/drivers/src/dspi/fsl_dspi_shared_function.o
LOAD ./SDK/platform/drivers/src/dspi/fsl_dspi_slave_driver.o
LOAD ./SDK/platform/devices/MK22F51212/startup/gcc/startup_MK22F51212.o
LOAD ./SDK/platform/devices/MK22F51212/startup/system_MK22F51212.o
LOAD ./SDK/platform/devices/startup.o
LOAD ./Generated_Code/Cpu.o
LOAD ./Generated_Code/clockMan1.o
LOAD ./Generated_Code/dmaController1.o
LOAD ./Generated_Code/dspiCom1.o
LOAD ./Generated_Code/flexTimer1.o
LOAD ./Generated_Code/gpio1.o
LOAD ./Generated_Code/hardware_init.o
LOAD ./Generated_Code/osa1.o
LOAD ./Generated_Code/pin_init.o
LOAD ./Generated_Code/pitTimer1.o
LOAD ./Generated_Code/uartCom1.o
LOAD c:/freescale/kds_3.0.0/toolchain/bin/../lib/gcc/arm-none-eabi/4.8.4/../../../../arm-none-eabi/lib/armv7e-m/fpu\libstdc++_s.a
LOAD c:/freescale/kds_3.0.0/toolchain/bin/../lib/gcc/arm-none-eabi/4.8.4/../../../../arm-none-eabi/lib/armv7e-m/fpu\libm.a
START GROUP
LOAD c:/freescale/kds_3.0.0/toolchain/bin/../lib/gcc/arm-none-eabi/4.8.4/armv7e-m/fpu\libgcc.a
LOAD c:/freescale/kds_3.0.0/toolchain/bin/../lib/gcc/arm-none-eabi/4.8.4/../../../../arm-none-eabi/lib/armv7e-m/fpu\libg_s.a
LOAD c:/freescale/kds_3.0.0/toolchain/bin/../lib/gcc/arm-none-eabi/4.8.4/../../../../arm-none-eabi/lib/armv7e-m/fpu\libc_s.a
END GROUP
START GROUP
LOAD c:/freescale/kds_3.0.0/toolchain/bin/../lib/gcc/arm-none-eabi/4.8.4/armv7e-m/fpu\libgcc.a
LOAD c:/freescale/kds_3.0.0/toolchain/bin/../lib/gcc/arm-none-eabi/4.8.4/../../../../arm-none-eabi/lib/armv7e-m/fpu\libc_s.a
LOAD c:/freescale/kds_3.0.0/toolchain/bin/../lib/gcc/arm-none-eabi/4.8.4/../../../../arm-none-eabi/lib/armv7e-m/fpu\libnosys.a
END GROUP
START GROUP
LOAD c:/freescale/kds_3.0.0/toolchain/bin/../lib/gcc/arm-none-eabi/4.8.4/armv7e-m/fpu\libgcc.a
LOAD c:/freescale/kds_3.0.0/toolchain/bin/../lib/gcc/arm-none-eabi/4.8.4/../../../../arm-none-eabi/lib/armv7e-m/fpu\libc_s.a
LOAD c:/freescale/kds_3.0.0/toolchain/bin/../lib/gcc/arm-none-eabi/4.8.4/../../../../arm-none-eabi/lib/armv7e-m/fpu\libnosys.a
END GROUP
LOAD c:/freescale/kds_3.0.0/toolchain/bin/../lib/gcc/arm-none-eabi/4.8.4/armv7e-m/fpu/crtend.o
LOAD c:/freescale/kds_3.0.0/toolchain/bin/../lib/gcc/arm-none-eabi/4.8.4/armv7e-m/fpu/crtn.o
                0x00000000                HEAP_SIZE = DEFINED (__heap_size__)?__heap_size__:0x0
                0x00000400                STACK_SIZE = DEFINED (__stack_size__)?__stack_size__:0x400

.interrupts     0x00000000      0x400
                0x00000000                __VECTOR_TABLE = .
                0x00000000                . = ALIGN (0x4)
 *(.isr_vector)
 .isr_vector    0x00000000      0x400 ./SDK/platform/devices/MK22F51212/startup/gcc/startup_MK22F51212.o
                0x00000000                __isr_vector
                0x00000400                . = ALIGN (0x4)
                0x1fff0000                __VECTOR_RAM = ORIGIN (m_interrupts_ram)

.flash_config   0x00000400       0x10
                0x00000400                . = ALIGN (0x4)
 *(.FlashConfig)
 .FlashConfig   0x00000400       0x10 ./SDK/platform/devices/MK22F51212/startup/gcc/startup_MK22F51212.o
                0x00000410                . = ALIGN (0x4)

.text           0x00000410     0x8d9c
                0x00000410                . = ALIGN (0x4)
 *(.text)
 .text          0x00000410       0x54 c:/freescale/kds_3.0.0/toolchain/bin/../lib/gcc/arm-none-eabi/4.8.4/armv7e-m/fpu/crtbegin.o
 .text          0x00000464       0x74 c:/freescale/kds_3.0.0/toolchain/bin/../lib/gcc/arm-none-eabi/4.8.4/../../../../arm-none-eabi/lib/armv7e-m/fpu/crt0.o
                0x00000464                _start
                0x00000464                _mainCRTStartup
 .text          0x000004d8       0x14 ./SDK/platform/devices/MK22F51212/startup/gcc/startup_MK22F51212.o
                0x000004d8                Reset_Handler
                0x000004e8                Reserved54_IRQHandler
                0x000004e8                DebugMon_Handler
                0x000004e8                I2C0_IRQHandler
                0x000004e8                HardFault_Handler
                0x000004e8                Reserved86_IRQHandler
                0x000004e8                Reserved85_IRQHandler
                0x000004e8                PendSV_Handler
                0x000004e8                NMI_Handler
                0x000004e8                I2C1_IRQHandler
                0x000004e8                Reserved99_IRQHandler
                0x000004e8                LLWU_IRQHandler
                0x000004e8                Reserved84_IRQHandler
                0x000004e8                Reserved92_IRQHandler
                0x000004e8                UART2_RX_TX_IRQHandler
                0x000004e8                SWI_IRQHandler
                0x000004e8                ADC0_IRQHandler
                0x000004e8                UsageFault_Handler
                0x000004e8                I2S0_Tx_IRQHandler
                0x000004e8                SPI1_IRQHandler
                0x000004e8                DefaultISR
                0x000004e8                Reserved82_IRQHandler
                0x000004e8                CMP1_IRQHandler
                0x000004e8                Reserved71_IRQHandler
                0x000004e8                PORTD_IRQHandler
                0x000004e8                PORTB_IRQHandler
                0x000004e8                Reserved70_IRQHandler
                0x000004e8                ADC1_IRQHandler
                0x000004e8                PIT2_IRQHandler
                0x000004e8                I2S0_Rx_IRQHandler
                0x000004e8                Reserved53_IRQHandler
                0x000004e8                RTC_IRQHandler
                0x000004e8                PDB0_IRQHandler
                0x000004e8                Reserved96_IRQHandler
                0x000004e8                Reserved61_IRQHandler
                0x000004e8                Reserved95_IRQHandler
                0x000004e8                PIT3_IRQHandler
                0x000004e8                RTC_Seconds_IRQHandler
                0x000004e8                MCG_IRQHandler
                0x000004e8                UART2_ERR_IRQHandler
                0x000004e8                Read_Collision_IRQHandler
                0x000004e8                Reserved98_IRQHandler
                0x000004e8                Reserved101_IRQHandler
                0x000004e8                USB0_IRQHandler
                0x000004e8                WDOG_EWM_IRQHandler
                0x000004e8                MemManage_Handler
                0x000004e8                Reserved90_IRQHandler
                0x000004e8                Reserved83_IRQHandler
                0x000004e8                SVC_Handler
                0x000004e8                Reserved100_IRQHandler
                0x000004e8                RNG_IRQHandler
                0x000004e8                Reserved97_IRQHandler
                0x000004e8                Reserved91_IRQHandler
                0x000004e8                LPUART0_IRQHandler
                0x000004e8                DAC0_IRQHandler
                0x000004e8                Reserved81_IRQHandler
                0x000004e8                Reserved94_IRQHandler
                0x000004e8                PIT1_IRQHandler
                0x000004e8                UART0_ERR_IRQHandler
                0x000004e8                DMA_Error_IRQHandler
                0x000004e8                LVD_LVW_IRQHandler
                0x000004e8                FTM0_IRQHandler
                0x000004e8                PORTA_IRQHandler
                0x000004e8                DAC1_IRQHandler
                0x000004e8                MCM_IRQHandler
                0x000004e8                FTM3_IRQHandler
                0x000004e8                PORTE_IRQHandler
                0x000004e8                FTM2_IRQHandler
                0x000004e8                LPTMR0_IRQHandler
                0x000004e8                BusFault_Handler
                0x000004e8                Reserved93_IRQHandler
                0x000004e8                UART1_ERR_IRQHandler
                0x000004e8                UART1_RX_TX_IRQHandler
                0x000004e8                CMP0_IRQHandler
                0x000004e8                PORTC_IRQHandler
                0x000004e8                FTF_IRQHandler
 .text          0x000004ec       0x2c c:/freescale/kds_3.0.0/toolchain/bin/../lib/gcc/arm-none-eabi/4.8.4/armv7e-m/fpu\libgcc.a(_aeabi_uldivmod.o)
                0x000004ec                __aeabi_uldivmod
 .text          0x00000518       0x60 c:/freescale/kds_3.0.0/toolchain/bin/../lib/gcc/arm-none-eabi/4.8.4/armv7e-m/fpu\libgcc.a(bpabi.o)
                0x00000518                __gnu_ldivmod_helper
                0x00000548                __gnu_uldivmod_helper
 .text          0x00000578        0x4 c:/freescale/kds_3.0.0/toolchain/bin/../lib/gcc/arm-none-eabi/4.8.4/armv7e-m/fpu\libgcc.a(_dvmd_tls.o)
                0x00000578                __aeabi_idiv0
                0x00000578                __aeabi_ldiv0
 .text          0x0000057c      0x298 c:/freescale/kds_3.0.0/toolchain/bin/../lib/gcc/arm-none-eabi/4.8.4/armv7e-m/fpu\libgcc.a(_divdi3.o)
                0x0000057c                __divdi3
 .text          0x00000814      0x284 c:/freescale/kds_3.0.0/toolchain/bin/../lib/gcc/arm-none-eabi/4.8.4/armv7e-m/fpu\libgcc.a(_udivdi3.o)
                0x00000814                __udivdi3
 *(.text*)
 .text.PEX_components_init
                0x00000a98        0xc ./Static_Code/System/PE_low_level_init.o
                0x00000a98                PEX_components_init
 .text.PE_low_level_init
                0x00000aa4       0x14 ./Static_Code/System/PE_low_level_init.o
                0x00000aa4                PE_low_level_init
 .text.PIT_HAL_ClearIntFlag
                0x00000ab8       0x40 ./Sources/Events.o
 .text.SPI0_IRQHandler
                0x00000af8        0xc ./Sources/Events.o
                0x00000af8                SPI0_IRQHandler
 .text.Delay_ms
                0x00000b04       0x28 ./Sources/Events.o
                0x00000b04                Delay_ms
 .text.PIT0_IRQHandler
                0x00000b2c       0x44 ./Sources/Events.o
                0x00000b2c                PIT0_IRQHandler
 .text.FTM1_IRQHandler
                0x00000b70        0xc ./Sources/Events.o
                0x00000b70                FTM1_IRQHandler
 .text.Clear_NRF_Int_Flags
                0x00000b7c       0x3c ./Sources/NRF24L01_DRIVER.o
                0x00000b7c                Clear_NRF_Int_Flags
 .text.Set_NRF24L_Rx_Mode
                0x00000bb8       0x64 ./Sources/NRF24L01_DRIVER.o
                0x00000bb8                Set_NRF24L_Rx_Mode
 .text.Set_NRF24L_Tx_Mode
                0x00000c1c       0x5c ./Sources/NRF24L01_DRIVER.o
                0x00000c1c                Set_NRF24L_Tx_Mode
 .text.Init_NRF24L
                0x00000c78      0x118 ./Sources/NRF24L01_DRIVER.o
                0x00000c78                Init_NRF24L
 .text.Write_Reg_Varified
                0x00000d90       0x5c ./Sources/NRF24L01_DRIVER.o
                0x00000d90                Write_Reg_Varified
 .text.Read_Register
                0x00000dec       0x84 ./Sources/NRF24L01_DRIVER.o
                0x00000dec                Read_Register
 .text.Write_Register
                0x00000e70       0xc0 ./Sources/NRF24L01_DRIVER.o
                0x00000e70                Write_Register
 .text.ReadPayload
                0x00000f30       0x7c ./Sources/NRF24L01_DRIVER.o
                0x00000f30                ReadPayload
 .text.Read_Status
                0x00000fac       0x2c ./Sources/NRF24L01_DRIVER.o
                0x00000fac                Read_Status
 .text.SendNewPayload
                0x00000fd8       0xb8 ./Sources/NRF24L01_DRIVER.o
                0x00000fd8                SendNewPayload
 .text.Flush_Tx
                0x00001090       0x40 ./Sources/NRF24L01_DRIVER.o
                0x00001090                Flush_Tx
 .text.Flush_Rx
                0x000010d0       0x40 ./Sources/NRF24L01_DRIVER.o
                0x000010d0                Flush_Rx
 .text.ChangeDutyPWM
                0x00001110       0x40 ./Sources/main.o
                0x00001110                ChangeDutyPWM
 .text.main     0x00001150      0x1c8 ./Sources/main.o
                0x00001150                main
 .text.INT_SYS_EnableIRQGlobal
                0x00001318       0x30 ./SDK/platform/system/src/interrupt/fsl_interrupt_manager.o
                0x00001318                INT_SYS_EnableIRQGlobal
 .text.INT_SYS_DisableIRQGlobal
                0x00001348       0x1c ./SDK/platform/system/src/interrupt/fsl_interrupt_manager.o
                0x00001348                INT_SYS_DisableIRQGlobal
 .text.SIM_HAL_EnableClock
                0x00001364       0x44 ./SDK/platform/system/src/clock/MK22F51212/fsl_clock_MK22F51212.o
 .text.CLOCK_HAL_GetOutDiv1
                0x000013a8       0x24 ./SDK/platform/system/src/clock/MK22F51212/fsl_clock_MK22F51212.o
 .text.CLOCK_HAL_GetOutDiv2
                0x000013cc       0x28 ./SDK/platform/system/src/clock/MK22F51212/fsl_clock_MK22F51212.o
 .text.CLOCK_SYS_GetCoreClockFreq
                0x000013f4       0x28 ./SDK/platform/system/src/clock/MK22F51212/fsl_clock_MK22F51212.o
                0x000013f4                CLOCK_SYS_GetCoreClockFreq
 .text.CLOCK_SYS_GetSystemClockFreq
                0x0000141c       0x28 ./SDK/platform/system/src/clock/MK22F51212/fsl_clock_MK22F51212.o
                0x0000141c                CLOCK_SYS_GetSystemClockFreq
 .text.CLOCK_SYS_GetBusClockFreq
                0x00001444       0x28 ./SDK/platform/system/src/clock/MK22F51212/fsl_clock_MK22F51212.o
                0x00001444                CLOCK_SYS_GetBusClockFreq
 .text.CLOCK_SYS_GetUartFreq
                0x0000146c       0x34 ./SDK/platform/system/src/clock/MK22F51212/fsl_clock_MK22F51212.o
                0x0000146c                CLOCK_SYS_GetUartFreq
 .text.CLOCK_SYS_GetFtmExternalFreq
                0x000014a0       0x34 ./SDK/platform/system/src/clock/MK22F51212/fsl_clock_MK22F51212.o
                0x000014a0                CLOCK_SYS_GetFtmExternalFreq
 .text.CLOCK_SYS_EnablePortClock
                0x000014d4       0x48 ./SDK/platform/system/src/clock/MK22F51212/fsl_clock_MK22F51212.o
                0x000014d4                CLOCK_SYS_EnablePortClock
 .text.CLOCK_SYS_EnableFtmClock
                0x0000151c       0x48 ./SDK/platform/system/src/clock/MK22F51212/fsl_clock_MK22F51212.o
                0x0000151c                CLOCK_SYS_EnableFtmClock
 .text.CLOCK_SYS_EnableSpiClock
                0x00001564       0x48 ./SDK/platform/system/src/clock/MK22F51212/fsl_clock_MK22F51212.o
                0x00001564                CLOCK_SYS_EnableSpiClock
 .text.CLOCK_SYS_EnableUartClock
                0x000015ac       0x48 ./SDK/platform/system/src/clock/MK22F51212/fsl_clock_MK22F51212.o
                0x000015ac                CLOCK_SYS_EnableUartClock
 .text.OSA_SemaCreate
                0x000015f4       0x4c ./SDK/platform/osa/src/fsl_os_abstraction_bm.o
                0x000015f4                OSA_SemaCreate
 .text.OSA_SemaWait
                0x00001640       0xc4 ./SDK/platform/osa/src/fsl_os_abstraction_bm.o
                0x00001640                OSA_SemaWait
 .text.OSA_SemaPost
                0x00001704       0x54 ./SDK/platform/osa/src/fsl_os_abstraction_bm.o
                0x00001704                OSA_SemaPost
 .text.OSA_EventSet
                0x00001758       0x48 ./SDK/platform/osa/src/fsl_os_abstraction_bm.o
                0x00001758                OSA_EventSet
 .text.task_init
                0x000017a0       0x64 ./SDK/platform/osa/src/fsl_os_abstraction_bm.o
                0x000017a0                task_init
 .text.OSA_Init
                0x00001804       0x14 ./SDK/platform/osa/src/fsl_os_abstraction_bm.o
                0x00001804                OSA_Init
 .text.UART_HAL_Init
                0x00001818       0x74 ./SDK/platform/hal/src/uart/fsl_uart_hal.o
                0x00001818                UART_HAL_Init
 .text.UART_HAL_SetBaudRate
                0x0000188c       0xa0 ./SDK/platform/hal/src/uart/fsl_uart_hal.o
                0x0000188c                UART_HAL_SetBaudRate
 .text.UART_HAL_SetParityMode
                0x0000192c       0x40 ./SDK/platform/hal/src/uart/fsl_uart_hal.o
                0x0000192c                UART_HAL_SetParityMode
 .text.UART_HAL_Putchar
                0x0000196c       0x28 ./SDK/platform/hal/src/uart/fsl_uart_hal.o
                0x0000196c                UART_HAL_Putchar
 .text.UART_HAL_Getchar
                0x00001994       0x2c ./SDK/platform/hal/src/uart/fsl_uart_hal.o
                0x00001994                UART_HAL_Getchar
 .text.UART_HAL_SetIntMode
                0x000019c0      0x114 ./SDK/platform/hal/src/uart/fsl_uart_hal.o
                0x000019c0                UART_HAL_SetIntMode
 .text.UART_HAL_GetStatusFlag
                0x00001ad4       0xb8 ./SDK/platform/hal/src/uart/fsl_uart_hal.o
                0x00001ad4                UART_HAL_GetStatusFlag
 .text.UART_HAL_ClearStatusFlag
                0x00001b8c       0xb0 ./SDK/platform/hal/src/uart/fsl_uart_hal.o
                0x00001b8c                UART_HAL_ClearStatusFlag
 .text.UART_HAL_SetTxFifoCmd
                0x00001c3c       0x5c ./SDK/platform/hal/src/uart/fsl_uart_hal.o
                0x00001c3c                UART_HAL_SetTxFifoCmd
 .text.UART_HAL_SetRxFifoCmd
                0x00001c98       0x5c ./SDK/platform/hal/src/uart/fsl_uart_hal.o
                0x00001c98                UART_HAL_SetRxFifoCmd
 .text.UART_HAL_FlushTxFifo
                0x00001cf4       0x40 ./SDK/platform/hal/src/uart/fsl_uart_hal.o
                0x00001cf4                UART_HAL_FlushTxFifo
 .text.UART_HAL_FlushRxFifo
                0x00001d34       0x40 ./SDK/platform/hal/src/uart/fsl_uart_hal.o
                0x00001d34                UART_HAL_FlushRxFifo
 .text.UART_HAL_SetTxFifoWatermark
                0x00001d74       0x38 ./SDK/platform/hal/src/uart/fsl_uart_hal.o
                0x00001d74                UART_HAL_SetTxFifoWatermark
 .text.UART_HAL_SetRxFifoWatermark
                0x00001dac       0x38 ./SDK/platform/hal/src/uart/fsl_uart_hal.o
                0x00001dac                UART_HAL_SetRxFifoWatermark
 .text.SIM_HAL_GetFtmExternalClkPinMode
                0x00001de4       0xb0 ./SDK/platform/hal/src/sim/MK22F51212/fsl_sim_hal_MK22F51212.o
                0x00001de4                SIM_HAL_GetFtmExternalClkPinMode
 .text.CLOCK_HAL_GetClkOutStat
                0x00001e94       0x24 ./SDK/platform/hal/src/mcg/fsl_mcg_hal.o
 .text.CLOCK_HAL_IsPllSelected
                0x00001eb8       0x30 ./SDK/platform/hal/src/mcg/fsl_mcg_hal.o
 .text.CLOCK_HAL_TestOscFreq
                0x00001ee8       0x50 ./SDK/platform/hal/src/mcg/fsl_mcg_hal.o
                0x00001ee8                CLOCK_HAL_TestOscFreq
 .text.CLOCK_HAL_GetMcgExternalClkFreq
                0x00001f38       0x28 ./SDK/platform/hal/src/mcg/fsl_mcg_hal.o
 .text.CLOCK_HAL_TestFllExternalRefFreq
                0x00001f60       0x90 ./SDK/platform/hal/src/mcg/fsl_mcg_hal.o
                0x00001f60                CLOCK_HAL_TestFllExternalRefFreq
 .text.CLOCK_HAL_GetFllRefClk
                0x00001ff0       0x74 ./SDK/platform/hal/src/mcg/fsl_mcg_hal.o
                0x00001ff0                CLOCK_HAL_GetFllRefClk
 .text.CLOCK_HAL_TestFllFreq
                0x00002064       0x5c ./SDK/platform/hal/src/mcg/fsl_mcg_hal.o
                0x00002064                CLOCK_HAL_TestFllFreq
 .text.CLOCK_HAL_GetFllClk
                0x000020c0       0x60 ./SDK/platform/hal/src/mcg/fsl_mcg_hal.o
                0x000020c0                CLOCK_HAL_GetFllClk
 .text.CLOCK_HAL_GetPll0RefFreq
                0x00002120       0x18 ./SDK/platform/hal/src/mcg/fsl_mcg_hal.o
                0x00002120                CLOCK_HAL_GetPll0RefFreq
 .text.CLOCK_HAL_GetPll0Clk
                0x00002138       0x7c ./SDK/platform/hal/src/mcg/fsl_mcg_hal.o
                0x00002138                CLOCK_HAL_GetPll0Clk
 .text.CLOCK_HAL_GetInternalRefClk
                0x000021b4       0x64 ./SDK/platform/hal/src/mcg/fsl_mcg_hal.o
                0x000021b4                CLOCK_HAL_GetInternalRefClk
 .text.CLOCK_HAL_GetFixedFreqClk
                0x00002218       0x34 ./SDK/platform/hal/src/mcg/fsl_mcg_hal.o
                0x00002218                CLOCK_HAL_GetFixedFreqClk
 .text.CLOCK_HAL_GetOutClk
                0x0000224c       0x68 ./SDK/platform/hal/src/mcg/fsl_mcg_hal.o
                0x0000224c                CLOCK_HAL_GetOutClk
 .text.GPIO_HAL_SetPinDir
                0x000022b4       0x60 ./SDK/platform/hal/src/gpio/fsl_gpio_hal.o
                0x000022b4                GPIO_HAL_SetPinDir
 .text.GPIO_HAL_WritePinOutput
                0x00002314       0x4c ./SDK/platform/hal/src/gpio/fsl_gpio_hal.o
                0x00002314                GPIO_HAL_WritePinOutput
 .text.FTM_HAL_SetClockPs
                0x00002360       0x2c ./SDK/platform/hal/src/ftm/fsl_ftm_hal.o
 .text.FTM_HAL_SetCpwms
                0x0000238c       0x40 ./SDK/platform/hal/src/ftm/fsl_ftm_hal.o
 .text.FTM_HAL_SetChnMSnBAMode
                0x000023cc       0x78 ./SDK/platform/hal/src/ftm/fsl_ftm_hal.o
 .text.FTM_HAL_SetChnEdgeLevel
                0x00002444       0x84 ./SDK/platform/hal/src/ftm/fsl_ftm_hal.o
 .text.FTM_HAL_SetChnCountVal
                0x000024c8       0x58 ./SDK/platform/hal/src/ftm/fsl_ftm_hal.o
 .text.FTM_HAL_Enable
                0x00002520       0x4c ./SDK/platform/hal/src/ftm/fsl_ftm_hal.o
 .text.FTM_HAL_SetOutmaskPwmSyncModeCmd
                0x0000256c       0x28 ./SDK/platform/hal/src/ftm/fsl_ftm_hal.o
 .text.FTM_HAL_SetDualChnPwmSyncCmd
                0x00002594       0x68 ./SDK/platform/hal/src/ftm/fsl_ftm_hal.o
 .text.FTM_HAL_SetDualEdgeCaptureCmd
                0x000025fc       0x68 ./SDK/platform/hal/src/ftm/fsl_ftm_hal.o
 .text.FTM_HAL_SetDualChnCombineCmd
                0x00002664       0x68 ./SDK/platform/hal/src/ftm/fsl_ftm_hal.o
 .text.FTM_HAL_SetSwoctrlHardwareSyncModeCmd
                0x000026cc       0x28 ./SDK/platform/hal/src/ftm/fsl_ftm_hal.o
 .text.FTM_HAL_SetInvctrlHardwareSyncModeCmd
                0x000026f4       0x28 ./SDK/platform/hal/src/ftm/fsl_ftm_hal.o
 .text.FTM_HAL_SetOutmaskHardwareSyncModeCmd
                0x0000271c       0x28 ./SDK/platform/hal/src/ftm/fsl_ftm_hal.o
 .text.FTM_HAL_SetModCntinCvHardwareSyncModeCmd
                0x00002744       0x28 ./SDK/platform/hal/src/ftm/fsl_ftm_hal.o
 .text.FTM_HAL_SetCounterHardwareSyncModeCmd
                0x0000276c       0x28 ./SDK/platform/hal/src/ftm/fsl_ftm_hal.o
 .text.FTM_HAL_SetSwoctrlSoftwareSyncModeCmd
                0x00002794       0x28 ./SDK/platform/hal/src/ftm/fsl_ftm_hal.o
 .text.FTM_HAL_SetInvctrlSoftwareSyncModeCmd
                0x000027bc       0x28 ./SDK/platform/hal/src/ftm/fsl_ftm_hal.o
 .text.FTM_HAL_SetOutmaskSoftwareSyncModeCmd
                0x000027e4       0x28 ./SDK/platform/hal/src/ftm/fsl_ftm_hal.o
 .text.FTM_HAL_SetModCntinCvSoftwareSyncModeCmd
                0x0000280c       0x28 ./SDK/platform/hal/src/ftm/fsl_ftm_hal.o
 .text.FTM_HAL_SetCounterSoftwareSyncModeCmd
                0x00002834       0x28 ./SDK/platform/hal/src/ftm/fsl_ftm_hal.o
 .text.FTM_HAL_SetPwmSyncModeCmd
                0x0000285c       0x28 ./SDK/platform/hal/src/ftm/fsl_ftm_hal.o
 .text.FTM_HAL_SetSwoctrlPwmSyncModeCmd
                0x00002884       0x28 ./SDK/platform/hal/src/ftm/fsl_ftm_hal.o
 .text.FTM_HAL_SetInvctrlPwmSyncModeCmd
                0x000028ac       0x28 ./SDK/platform/hal/src/ftm/fsl_ftm_hal.o
 .text.FTM_HAL_SetCntinPwmSyncModeCmd
                0x000028d4       0x28 ./SDK/platform/hal/src/ftm/fsl_ftm_hal.o
 .text.FTM_HAL_Init
                0x000028fc       0x20 ./SDK/platform/hal/src/ftm/fsl_ftm_hal.o
                0x000028fc                FTM_HAL_Init
 .text.FTM_HAL_SetSyncMode
                0x0000291c      0x130 ./SDK/platform/hal/src/ftm/fsl_ftm_hal.o
                0x0000291c                FTM_HAL_SetSyncMode
 .text.FTM_HAL_EnablePwmMode
                0x00002a4c       0xbc ./SDK/platform/hal/src/ftm/fsl_ftm_hal.o
                0x00002a4c                FTM_HAL_EnablePwmMode
 .text.FTM_HAL_DisablePwmMode
                0x00002b08       0x58 ./SDK/platform/hal/src/ftm/fsl_ftm_hal.o
                0x00002b08                FTM_HAL_DisablePwmMode
 .text.FTM_HAL_Reset
                0x00002b60       0xa4 ./SDK/platform/hal/src/ftm/fsl_ftm_hal.o
                0x00002b60                FTM_HAL_Reset
 .text.FTM_HAL_GetChnPairIndex
                0x00002c04       0x48 ./SDK/platform/hal/src/ftm/fsl_ftm_hal.o
                0x00002c04                FTM_HAL_GetChnPairIndex
 .text.EDMA_HAL_Init
                0x00002c4c       0x7c ./SDK/platform/hal/src/edma/fsl_edma_hal.o
                0x00002c4c                EDMA_HAL_Init
 .text.EDMA_HAL_HTCDClearReg
                0x00002cc8       0xd0 ./SDK/platform/hal/src/edma/fsl_edma_hal.o
                0x00002cc8                EDMA_HAL_HTCDClearReg
 .text.DSPI_HAL_Enable
                0x00002d98       0x20 ./SDK/platform/hal/src/dspi/fsl_dspi_hal.o
 .text.DSPI_HAL_Disable
                0x00002db8       0x20 ./SDK/platform/hal/src/dspi/fsl_dspi_hal.o
 .text.DSPI_HAL_IsMaster
                0x00002dd8       0x1c ./SDK/platform/hal/src/dspi/fsl_dspi_hal.o
 .text.DSPI_HAL_Init
                0x00002df4       0x7c ./SDK/platform/hal/src/dspi/fsl_dspi_hal.o
                0x00002df4                DSPI_HAL_Init
 .text.DSPI_HAL_SetBaudRate
                0x00002e70      0x14c ./SDK/platform/hal/src/dspi/fsl_dspi_hal.o
                0x00002e70                DSPI_HAL_SetBaudRate
 .text.DSPI_HAL_SetPcsPolarityMode
                0x00002fbc       0x58 ./SDK/platform/hal/src/dspi/fsl_dspi_hal.o
                0x00002fbc                DSPI_HAL_SetPcsPolarityMode
 .text.DSPI_HAL_SetFifoCmd
                0x00003014       0x64 ./SDK/platform/hal/src/dspi/fsl_dspi_hal.o
                0x00003014                DSPI_HAL_SetFifoCmd
 .text.DSPI_HAL_SetFlushFifoCmd
                0x00003078       0x38 ./SDK/platform/hal/src/dspi/fsl_dspi_hal.o
                0x00003078                DSPI_HAL_SetFlushFifoCmd
 .text.DSPI_HAL_SetDataFormat
                0x000030b0      0x128 ./SDK/platform/hal/src/dspi/fsl_dspi_hal.o
                0x000030b0                DSPI_HAL_SetDataFormat
 .text.DSPI_HAL_SetDelay
                0x000031d8      0x114 ./SDK/platform/hal/src/dspi/fsl_dspi_hal.o
                0x000031d8                DSPI_HAL_SetDelay
 .text.DSPI_HAL_SetTxFifoFillDmaIntMode
                0x000032ec       0x3c ./SDK/platform/hal/src/dspi/fsl_dspi_hal.o
                0x000032ec                DSPI_HAL_SetTxFifoFillDmaIntMode
 .text.DSPI_HAL_SetRxFifoDrainDmaIntMode
                0x00003328       0x3c ./SDK/platform/hal/src/dspi/fsl_dspi_hal.o
                0x00003328                DSPI_HAL_SetRxFifoDrainDmaIntMode
 .text.DSPI_HAL_SetIntMode
                0x00003364       0x3c ./SDK/platform/hal/src/dspi/fsl_dspi_hal.o
                0x00003364                DSPI_HAL_SetIntMode
 .text.DSPI_HAL_GetFormattedCommand
                0x000033a0       0x40 ./SDK/platform/hal/src/dspi/fsl_dspi_hal.o
                0x000033a0                DSPI_HAL_GetFormattedCommand
 .text.DMAMUX_HAL_Init
                0x000033e0       0x50 ./SDK/platform/hal/src/dmamux/fsl_dmamux_hal.o
                0x000033e0                DMAMUX_HAL_Init
 .text.NVIC_EnableIRQ
                0x00003430       0x30 ./SDK/platform/drivers/src/uart/fsl_uart_driver.o
 .text.UART_HAL_EnableTransmitter
                0x00003460       0x24 ./SDK/platform/drivers/src/uart/fsl_uart_driver.o
 .text.UART_HAL_EnableReceiver
                0x00003484       0x24 ./SDK/platform/drivers/src/uart/fsl_uart_driver.o
 .text.UART_HAL_SetBitCountPerChar
                0x000034a8       0x28 ./SDK/platform/drivers/src/uart/fsl_uart_driver.o
 .text.UART_HAL_GetTxFifoSize
                0x000034d0       0x24 ./SDK/platform/drivers/src/uart/fsl_uart_driver.o
 .text.UART_HAL_GetTxDatawordCountInFifo
                0x000034f4       0x1c ./SDK/platform/drivers/src/uart/fsl_uart_driver.o
 .text.UART_HAL_GetRxDatawordCountInFifo
                0x00003510       0x1c ./SDK/platform/drivers/src/uart/fsl_uart_driver.o
 .text.INT_SYS_EnableIRQ
                0x0000352c       0x54 ./SDK/platform/drivers/src/uart/fsl_uart_driver.o
 .text.UART_DRV_Init
                0x00003580      0x180 ./SDK/platform/drivers/src/uart/fsl_uart_driver.o
                0x00003580                UART_DRV_Init
 .text.UART_DRV_SendDataBlocking
                0x00003700       0xd0 ./SDK/platform/drivers/src/uart/fsl_uart_driver.o
                0x00003700                UART_DRV_SendDataBlocking
 .text.UART_DRV_IRQHandler
                0x000037d0      0x170 ./SDK/platform/drivers/src/uart/fsl_uart_driver.o
                0x000037d0                UART_DRV_IRQHandler
 .text.UART_DRV_CompleteSendData
                0x00003940       0x74 ./SDK/platform/drivers/src/uart/fsl_uart_driver.o
 .text.UART_DRV_StartSendData
                0x000039b4       0x8c ./SDK/platform/drivers/src/uart/fsl_uart_driver.o
 .text.UART_DRV_CompleteReceiveData
                0x00003a40       0x80 ./SDK/platform/drivers/src/uart/fsl_uart_driver.o
 .text.NVIC_EnableIRQ
                0x00003ac0       0x30 ./SDK/platform/drivers/src/pit/fsl_pit_driver.o
 .text.PIT_HAL_Enable
                0x00003af0       0x20 ./SDK/platform/drivers/src/pit/fsl_pit_driver.o
 .text.PIT_HAL_SetTimerRunInDebugCmd
                0x00003b10       0x28 ./SDK/platform/drivers/src/pit/fsl_pit_driver.o
 .text.PIT_HAL_StartTimer
                0x00003b38       0x44 ./SDK/platform/drivers/src/pit/fsl_pit_driver.o
 .text.PIT_HAL_SetTimerPeriodByCount
                0x00003b7c       0x40 ./SDK/platform/drivers/src/pit/fsl_pit_driver.o
 .text.PIT_HAL_SetIntCmd
                0x00003bbc       0x4c ./SDK/platform/drivers/src/pit/fsl_pit_driver.o
 .text.SIM_HAL_EnableClock
                0x00003c08       0x44 ./SDK/platform/drivers/src/pit/fsl_pit_driver.o
 .text.CLOCK_SYS_GetPitFreq
                0x00003c4c       0x18 ./SDK/platform/drivers/src/pit/fsl_pit_driver.o
 .text.CLOCK_SYS_EnablePitClock
                0x00003c64       0x1c ./SDK/platform/drivers/src/pit/fsl_pit_driver.o
 .text.INT_SYS_EnableIRQ
                0x00003c80       0x54 ./SDK/platform/drivers/src/pit/fsl_pit_driver.o
 .text.PIT_DRV_Init
                0x00003cd4       0x70 ./SDK/platform/drivers/src/pit/fsl_pit_driver.o
                0x00003cd4                PIT_DRV_Init
 .text.PIT_DRV_InitChannel
                0x00003d44       0x78 ./SDK/platform/drivers/src/pit/fsl_pit_driver.o
                0x00003d44                PIT_DRV_InitChannel
 .text.PIT_DRV_StartTimer
                0x00003dbc       0x44 ./SDK/platform/drivers/src/pit/fsl_pit_driver.o
                0x00003dbc                PIT_DRV_StartTimer
 .text.PIT_DRV_SetTimerPeriodByUs
                0x00003e00       0x88 ./SDK/platform/drivers/src/pit/fsl_pit_driver.o
                0x00003e00                PIT_DRV_SetTimerPeriodByUs
 .text.NVIC_EnableIRQ
                0x00003e88       0x30 ./SDK/platform/drivers/src/gpio/fsl_gpio_driver.o
 .text.PORT_HAL_SetPullMode
                0x00003eb8       0x44 ./SDK/platform/drivers/src/gpio/fsl_gpio_driver.o
 .text.PORT_HAL_SetPullCmd
                0x00003efc       0x48 ./SDK/platform/drivers/src/gpio/fsl_gpio_driver.o
 .text.PORT_HAL_SetSlewRateMode
                0x00003f44       0x48 ./SDK/platform/drivers/src/gpio/fsl_gpio_driver.o
 .text.PORT_HAL_SetPassiveFilterCmd
                0x00003f8c       0x48 ./SDK/platform/drivers/src/gpio/fsl_gpio_driver.o
 .text.PORT_HAL_SetOpenDrainCmd
                0x00003fd4       0x48 ./SDK/platform/drivers/src/gpio/fsl_gpio_driver.o
 .text.PORT_HAL_SetDriveStrengthMode
                0x0000401c       0x48 ./SDK/platform/drivers/src/gpio/fsl_gpio_driver.o
 .text.PORT_HAL_SetMuxMode
                0x00004064       0x58 ./SDK/platform/drivers/src/gpio/fsl_gpio_driver.o
 .text.PORT_HAL_SetDigitalFilterCmd
                0x000040bc       0x4c ./SDK/platform/drivers/src/gpio/fsl_gpio_driver.o
 .text.PORT_HAL_SetPinIntMode
                0x00004108       0x58 ./SDK/platform/drivers/src/gpio/fsl_gpio_driver.o
 .text.GPIO_HAL_SetPinOutput
                0x00004160       0x38 ./SDK/platform/drivers/src/gpio/fsl_gpio_driver.o
 .text.GPIO_HAL_ClearPinOutput
                0x00004198       0x38 ./SDK/platform/drivers/src/gpio/fsl_gpio_driver.o
 .text.GPIO_HAL_ReadPinInput
                0x000041d0       0x40 ./SDK/platform/drivers/src/gpio/fsl_gpio_driver.o
 .text.INT_SYS_EnableIRQ
                0x00004210       0x54 ./SDK/platform/drivers/src/gpio/fsl_gpio_driver.o
 .text.GPIO_DRV_Init
                0x00004264       0x50 ./SDK/platform/drivers/src/gpio/fsl_gpio_driver.o
                0x00004264                GPIO_DRV_Init
 .text.GPIO_DRV_InputPinInit
                0x000042b4       0xc4 ./SDK/platform/drivers/src/gpio/fsl_gpio_driver.o
                0x000042b4                GPIO_DRV_InputPinInit
 .text.GPIO_DRV_OutputPinInit
                0x00004378       0x90 ./SDK/platform/drivers/src/gpio/fsl_gpio_driver.o
                0x00004378                GPIO_DRV_OutputPinInit
 .text.GPIO_DRV_SetPinOutput
                0x00004408       0x30 ./SDK/platform/drivers/src/gpio/fsl_gpio_driver.o
                0x00004408                GPIO_DRV_SetPinOutput
 .text.GPIO_DRV_ClearPinOutput
                0x00004438       0x30 ./SDK/platform/drivers/src/gpio/fsl_gpio_driver.o
                0x00004438                GPIO_DRV_ClearPinOutput
 .text.GPIO_DRV_ReadPinInput
                0x00004468       0x34 ./SDK/platform/drivers/src/gpio/fsl_gpio_driver.o
                0x00004468                GPIO_DRV_ReadPinInput
 .text.NVIC_EnableIRQ
                0x0000449c       0x30 ./SDK/platform/drivers/src/ftm/fsl_ftm_driver.o
 .text.NVIC_ClearPendingIRQ
                0x000044cc       0x34 ./SDK/platform/drivers/src/ftm/fsl_ftm_driver.o
 .text.FTM_HAL_SetClockSource
                0x00004500       0x2c ./SDK/platform/drivers/src/ftm/fsl_ftm_driver.o
 .text.FTM_HAL_SetClockPs
                0x0000452c       0x2c ./SDK/platform/drivers/src/ftm/fsl_ftm_driver.o
 .text.FTM_HAL_GetClockPs
                0x00004558       0x20 ./SDK/platform/drivers/src/ftm/fsl_ftm_driver.o
 .text.FTM_HAL_EnableTimerOverflowInt
                0x00004578       0x20 ./SDK/platform/drivers/src/ftm/fsl_ftm_driver.o
 .text.FTM_HAL_DisableTimerOverflowInt
                0x00004598       0x20 ./SDK/platform/drivers/src/ftm/fsl_ftm_driver.o
 .text.FTM_HAL_IsOverflowIntEnabled
                0x000045b8       0x2c ./SDK/platform/drivers/src/ftm/fsl_ftm_driver.o
 .text.FTM_HAL_ClearTimerOverflow
                0x000045e4       0x20 ./SDK/platform/drivers/src/ftm/fsl_ftm_driver.o
 .text.FTM_HAL_SetCounter
                0x00004604       0x28 ./SDK/platform/drivers/src/ftm/fsl_ftm_driver.o
 .text.FTM_HAL_SetMod
                0x0000462c       0x28 ./SDK/platform/drivers/src/ftm/fsl_ftm_driver.o
 .text.FTM_HAL_SetCounterInitVal
                0x00004654       0x28 ./SDK/platform/drivers/src/ftm/fsl_ftm_driver.o
 .text.FTM_HAL_IsChnIntEnabled
                0x0000467c       0x54 ./SDK/platform/drivers/src/ftm/fsl_ftm_driver.o
 .text.FTM_HAL_SetChnCountVal
                0x000046d0       0x58 ./SDK/platform/drivers/src/ftm/fsl_ftm_driver.o
 .text.FTM_HAL_ClearChnEventStatus
                0x00004728       0x48 ./SDK/platform/drivers/src/ftm/fsl_ftm_driver.o
 .text.FTM_HAL_EnableFaultInt
                0x00004770       0x24 ./SDK/platform/drivers/src/ftm/fsl_ftm_driver.o
 .text.FTM_HAL_DisableFaultInt
                0x00004794       0x24 ./SDK/platform/drivers/src/ftm/fsl_ftm_driver.o
 .text.FTM_HAL_SetWriteProtectionCmd
                0x000047b8       0x40 ./SDK/platform/drivers/src/ftm/fsl_ftm_driver.o
 .text.FTM_HAL_SetBdmMode
                0x000047f8       0x30 ./SDK/platform/drivers/src/ftm/fsl_ftm_driver.o
 .text.FTM_HAL_SetTofFreq
                0x00004828       0x30 ./SDK/platform/drivers/src/ftm/fsl_ftm_driver.o
 .text.INT_SYS_EnableIRQ
                0x00004858       0x54 ./SDK/platform/drivers/src/ftm/fsl_ftm_driver.o
 .text.CLOCK_SYS_GetFixedFreqClockFreq
                0x000048ac       0x14 ./SDK/platform/drivers/src/ftm/fsl_ftm_driver.o
 .text.CLOCK_SYS_GetFtmFixedFreq
                0x000048c0       0x18 ./SDK/platform/drivers/src/ftm/fsl_ftm_driver.o
 .text.CLOCK_SYS_GetFtmSystemClockFreq
                0x000048d8       0x18 ./SDK/platform/drivers/src/ftm/fsl_ftm_driver.o
 .text.FTM_DRV_Init
                0x000048f0      0x100 ./SDK/platform/drivers/src/ftm/fsl_ftm_driver.o
                0x000048f0                FTM_DRV_Init
 .text.FTM_DRV_SetFaultIntCmd
                0x000049f0       0x3c ./SDK/platform/drivers/src/ftm/fsl_ftm_driver.o
                0x000049f0                FTM_DRV_SetFaultIntCmd
 .text.FTM_DRV_SetTimeOverflowIntCmd
                0x00004a2c       0x3c ./SDK/platform/drivers/src/ftm/fsl_ftm_driver.o
                0x00004a2c                FTM_DRV_SetTimeOverflowIntCmd
 .text.FTM_DRV_SetClock
                0x00004a68       0x70 ./SDK/platform/drivers/src/ftm/fsl_ftm_driver.o
                0x00004a68                FTM_DRV_SetClock
 .text.FTM_DRV_GetClock
                0x00004ad8       0xa8 ./SDK/platform/drivers/src/ftm/fsl_ftm_driver.o
                0x00004ad8                FTM_DRV_GetClock
 .text.FTM_DRV_PwmStop
                0x00004b80       0xb4 ./SDK/platform/drivers/src/ftm/fsl_ftm_driver.o
                0x00004b80                FTM_DRV_PwmStop
 .text.FTM_DRV_PwmStart
                0x00004c34      0x220 ./SDK/platform/drivers/src/ftm/fsl_ftm_driver.o
                0x00004c34                FTM_DRV_PwmStart
 .text.FTM_DRV_IRQHandler
                0x00004e54       0x6c ./SDK/platform/drivers/src/ftm/fsl_ftm_driver.o
                0x00004e54                FTM_DRV_IRQHandler
 .text.NVIC_EnableIRQ
                0x00004ec0       0x30 ./SDK/platform/drivers/src/edma/fsl_edma_driver.o
 .text.EDMA_HAL_SetHaltOnErrorCmd
                0x00004ef0       0x24 ./SDK/platform/drivers/src/edma/fsl_edma_driver.o
 .text.EDMA_HAL_SetChannelArbitrationMode
                0x00004f14       0x24 ./SDK/platform/drivers/src/edma/fsl_edma_driver.o
 .text.EDMA_HAL_ClearDoneStatusFlag
                0x00004f38       0x1c ./SDK/platform/drivers/src/edma/fsl_edma_driver.o
 .text.EDMA_HAL_ClearIntStatusFlag
                0x00004f54       0x1c ./SDK/platform/drivers/src/edma/fsl_edma_driver.o
 .text.SIM_HAL_EnableClock
                0x00004f70       0x44 ./SDK/platform/drivers/src/edma/fsl_edma_driver.o
 .text.CLOCK_SYS_EnableDmaClock
                0x00004fb4       0x1c ./SDK/platform/drivers/src/edma/fsl_edma_driver.o
 .text.CLOCK_SYS_EnableDmamuxClock
                0x00004fd0       0x1c ./SDK/platform/drivers/src/edma/fsl_edma_driver.o
 .text.INT_SYS_EnableIRQ
                0x00004fec       0x54 ./SDK/platform/drivers/src/edma/fsl_edma_driver.o
 .text.EDMA_DRV_Init
                0x00005040      0x108 ./SDK/platform/drivers/src/edma/fsl_edma_driver.o
                0x00005040                EDMA_DRV_Init
 .text.EDMA_DRV_ClearIntStatus
                0x00005148       0x44 ./SDK/platform/drivers/src/edma/fsl_edma_driver.o
 .text.EDMA_DRV_IRQHandler
                0x0000518c       0x4c ./SDK/platform/drivers/src/edma/fsl_edma_driver.o
                0x0000518c                EDMA_DRV_IRQHandler
 .text.NVIC_EnableIRQ
                0x000051d8       0x30 ./SDK/platform/drivers/src/dspi/fsl_dspi_master_driver.o
 .text.DSPI_HAL_Enable
                0x00005208       0x20 ./SDK/platform/drivers/src/dspi/fsl_dspi_master_driver.o
 .text.DSPI_HAL_SetMasterSlaveMode
                0x00005228       0x24 ./SDK/platform/drivers/src/dspi/fsl_dspi_master_driver.o
 .text.DSPI_HAL_SetContinuousSckCmd
                0x0000524c       0x24 ./SDK/platform/drivers/src/dspi/fsl_dspi_master_driver.o
 .text.DSPI_HAL_StartTransfer
                0x00005270       0x20 ./SDK/platform/drivers/src/dspi/fsl_dspi_master_driver.o
 .text.DSPI_HAL_StopTransfer
                0x00005290       0x20 ./SDK/platform/drivers/src/dspi/fsl_dspi_master_driver.o
 .text.DSPI_HAL_GetStatusFlag
                0x000052b0       0x30 ./SDK/platform/drivers/src/dspi/fsl_dspi_master_driver.o
 .text.DSPI_HAL_ClearStatusFlag
                0x000052e0       0x20 ./SDK/platform/drivers/src/dspi/fsl_dspi_master_driver.o
 .text.DSPI_HAL_ReadData
                0x00005300       0x18 ./SDK/platform/drivers/src/dspi/fsl_dspi_master_driver.o
 .text.DSPI_HAL_WriteCmdDataMastermode
                0x00005318       0x1c ./SDK/platform/drivers/src/dspi/fsl_dspi_master_driver.o
 .text.DSPI_HAL_PresetTransferCount
                0x00005334       0x28 ./SDK/platform/drivers/src/dspi/fsl_dspi_master_driver.o
 .text.CLOCK_SYS_GetSpiFreq
                0x0000535c       0x18 ./SDK/platform/drivers/src/dspi/fsl_dspi_master_driver.o
 .text.INT_SYS_EnableIRQ
                0x00005374       0x54 ./SDK/platform/drivers/src/dspi/fsl_dspi_master_driver.o
 .text.DSPI_DRV_MasterInit
                0x000053c8       0xe4 ./SDK/platform/drivers/src/dspi/fsl_dspi_master_driver.o
                0x000053c8                DSPI_DRV_MasterInit
 .text.DSPI_DRV_MasterConfigureBus
                0x000054ac       0x8c ./SDK/platform/drivers/src/dspi/fsl_dspi_master_driver.o
                0x000054ac                DSPI_DRV_MasterConfigureBus
 .text.DSPI_DRV_MasterTransferBlocking
                0x00005538       0xb0 ./SDK/platform/drivers/src/dspi/fsl_dspi_master_driver.o
                0x00005538                DSPI_DRV_MasterTransferBlocking
 .text.DSPI_DRV_MasterStartTransfer
                0x000055e8       0xf8 ./SDK/platform/drivers/src/dspi/fsl_dspi_master_driver.o
 .text.DSPI_DRV_MasterFillupTxFifo
                0x000056e0      0x1e4 ./SDK/platform/drivers/src/dspi/fsl_dspi_master_driver.o
 .text.DSPI_DRV_MasterCompleteTransfer
                0x000058c4       0x5c ./SDK/platform/drivers/src/dspi/fsl_dspi_master_driver.o
 .text.DSPI_DRV_MasterIRQHandler
                0x00005920      0x13c ./SDK/platform/drivers/src/dspi/fsl_dspi_master_driver.o
                0x00005920                DSPI_DRV_MasterIRQHandler
 .text.DSPI_HAL_IsMaster
                0x00005a5c       0x1c ./SDK/platform/drivers/src/dspi/fsl_dspi_shared_function.o
 .text.DSPI_DRV_IRQHandler
                0x00005a78       0x54 ./SDK/platform/drivers/src/dspi/fsl_dspi_shared_function.o
                0x00005a78                DSPI_DRV_IRQHandler
 .text.DSPI_HAL_GetIntMode
                0x00005acc       0x30 ./SDK/platform/drivers/src/dspi/fsl_dspi_slave_driver.o
 .text.DSPI_HAL_GetStatusFlag
                0x00005afc       0x30 ./SDK/platform/drivers/src/dspi/fsl_dspi_slave_driver.o
 .text.DSPI_HAL_ClearStatusFlag
                0x00005b2c       0x20 ./SDK/platform/drivers/src/dspi/fsl_dspi_slave_driver.o
 .text.DSPI_HAL_ReadData
                0x00005b4c       0x18 ./SDK/platform/drivers/src/dspi/fsl_dspi_slave_driver.o
 .text.DSPI_HAL_WriteDataSlavemode
                0x00005b64       0x1c ./SDK/platform/drivers/src/dspi/fsl_dspi_slave_driver.o
 .text.DSPI_DRV_SlaveIRQHandler
                0x00005b80      0x1fc ./SDK/platform/drivers/src/dspi/fsl_dspi_slave_driver.o
                0x00005b80                DSPI_DRV_SlaveIRQHandler
 .text.DSPI_DRV_SlaveCompleteTransfer
                0x00005d7c       0x84 ./SDK/platform/drivers/src/dspi/fsl_dspi_slave_driver.o
 .text.SystemInit
                0x00005e00      0x214 ./SDK/platform/devices/MK22F51212/startup/system_MK22F51212.o
                0x00005e00                SystemInit
 .text.init_data_bss
                0x00006014       0xcc ./SDK/platform/devices/startup.o
                0x00006014                init_data_bss
 .text.NVIC_SetPriority
                0x000060e0       0x54 ./Generated_Code/Cpu.o
 .text.Components_Init
                0x00006134       0xb8 ./Generated_Code/Cpu.o
                0x00006134                Components_Init
 .text.DMA0_IRQHandler
                0x000061ec        0xc ./Generated_Code/dmaController1.o
                0x000061ec                DMA0_IRQHandler
 .text.DMA1_IRQHandler
                0x000061f8        0xc ./Generated_Code/dmaController1.o
                0x000061f8                DMA1_IRQHandler
 .text.DMA2_IRQHandler
                0x00006204        0xc ./Generated_Code/dmaController1.o
                0x00006204                DMA2_IRQHandler
 .text.DMA3_IRQHandler
                0x00006210        0xc ./Generated_Code/dmaController1.o
                0x00006210                DMA3_IRQHandler
 .text.DMA4_IRQHandler
                0x0000621c        0xc ./Generated_Code/dmaController1.o
                0x0000621c                DMA4_IRQHandler
 .text.DMA5_IRQHandler
                0x00006228        0xc ./Generated_Code/dmaController1.o
                0x00006228                DMA5_IRQHandler
 .text.DMA6_IRQHandler
                0x00006234        0xc ./Generated_Code/dmaController1.o
                0x00006234                DMA6_IRQHandler
 .text.DMA7_IRQHandler
                0x00006240        0xc ./Generated_Code/dmaController1.o
                0x00006240                DMA7_IRQHandler
 .text.DMA8_IRQHandler
                0x0000624c        0xc ./Generated_Code/dmaController1.o
                0x0000624c                DMA8_IRQHandler
 .text.DMA9_IRQHandler
                0x00006258        0xc ./Generated_Code/dmaController1.o
                0x00006258                DMA9_IRQHandler
 .text.DMA10_IRQHandler
                0x00006264        0xc ./Generated_Code/dmaController1.o
                0x00006264                DMA10_IRQHandler
 .text.DMA11_IRQHandler
                0x00006270        0xc ./Generated_Code/dmaController1.o
                0x00006270                DMA11_IRQHandler
 .text.DMA12_IRQHandler
                0x0000627c        0xc ./Generated_Code/dmaController1.o
                0x0000627c                DMA12_IRQHandler
 .text.DMA13_IRQHandler
                0x00006288        0xc ./Generated_Code/dmaController1.o
                0x00006288                DMA13_IRQHandler
 .text.DMA14_IRQHandler
                0x00006294        0xc ./Generated_Code/dmaController1.o
                0x00006294                DMA14_IRQHandler
 .text.DMA15_IRQHandler
                0x000062a0        0xc ./Generated_Code/dmaController1.o
                0x000062a0                DMA15_IRQHandler
 .text.SIM_HAL_EnableClock
                0x000062ac       0x44 ./Generated_Code/hardware_init.o
 .text.hardware_init
                0x000062f0       0x80 ./Generated_Code/hardware_init.o
                0x000062f0                hardware_init
 .text.NVIC_SetPriority
                0x00006370       0x54 ./Generated_Code/osa1.o
 .text.CLOCK_SYS_GetSystickFreq
                0x000063c4       0x10 ./Generated_Code/osa1.o
 .text.SysTick_Handler
                0x000063d4       0x20 ./Generated_Code/osa1.o
                0x000063d4                SysTick_Handler
 .text.OSA_TimeInit
                0x000063f4       0xbc ./Generated_Code/osa1.o
                0x000063f4                OSA_TimeInit
 .text.OSA_TimeDiff
                0x000064b0       0x30 ./Generated_Code/osa1.o
                0x000064b0                OSA_TimeDiff
 .text.OSA_TimeGetMsec
                0x000064e0       0x18 ./Generated_Code/osa1.o
                0x000064e0                OSA_TimeGetMsec
 .text.PORT_HAL_SetPullMode
                0x000064f8       0x44 ./Generated_Code/pin_init.o
 .text.PORT_HAL_SetPullCmd
                0x0000653c       0x48 ./Generated_Code/pin_init.o
 .text.PORT_HAL_SetSlewRateMode
                0x00006584       0x48 ./Generated_Code/pin_init.o
 .text.PORT_HAL_SetOpenDrainCmd
                0x000065cc       0x48 ./Generated_Code/pin_init.o
 .text.PORT_HAL_SetDriveStrengthMode
                0x00006614       0x48 ./Generated_Code/pin_init.o
 .text.PORT_HAL_SetMuxMode
                0x0000665c       0x58 ./Generated_Code/pin_init.o
 .text.init_ftm_pins
                0x000066b4       0x28 ./Generated_Code/pin_init.o
                0x000066b4                init_ftm_pins
 .text.init_gpio_pins
                0x000066dc      0x118 ./Generated_Code/pin_init.o
                0x000066dc                init_gpio_pins
 .text.init_jtag_pins
                0x000067f4       0x3c ./Generated_Code/pin_init.o
                0x000067f4                init_jtag_pins
 .text.init_llwu_pins
                0x00006830       0x90 ./Generated_Code/pin_init.o
                0x00006830                init_llwu_pins
 .text.init_osc_pins
                0x000068c0       0x28 ./Generated_Code/pin_init.o
                0x000068c0                init_osc_pins
 .text.init_spi_pins
                0x000068e8       0x44 ./Generated_Code/pin_init.o
                0x000068e8                init_spi_pins
 .text.init_tpiu_pins
                0x0000692c       0x1c ./Generated_Code/pin_init.o
                0x0000692c                init_tpiu_pins
 .text.init_uart_pins
                0x00006948       0x30 ./Generated_Code/pin_init.o
                0x00006948                init_uart_pins
 .text.UART0_RX_TX_IRQHandler
                0x00006978        0xc ./Generated_Code/uartCom1.o
                0x00006978                UART0_RX_TX_IRQHandler
 .text.__assert_func
                0x00006984       0x38 c:/freescale/kds_3.0.0/toolchain/bin/../lib/gcc/arm-none-eabi/4.8.4/../../../../arm-none-eabi/lib/armv7e-m/fpu\libg_s.a(lib_a-assert.o)
                0x00006984                __assert_func
 .text.exit     0x000069bc       0x28 c:/freescale/kds_3.0.0/toolchain/bin/../lib/gcc/arm-none-eabi/4.8.4/../../../../arm-none-eabi/lib/armv7e-m/fpu\libg_s.a(lib_a-exit.o)
                0x000069bc                exit
 .text.fprintf  0x000069e4       0x24 c:/freescale/kds_3.0.0/toolchain/bin/../lib/gcc/arm-none-eabi/4.8.4/../../../../arm-none-eabi/lib/armv7e-m/fpu\libg_s.a(lib_a-fprintf.o)
                0x000069e4                fiprintf
                0x000069e4                fprintf
 .text.__libc_init_array
                0x00006a08       0x4c c:/freescale/kds_3.0.0/toolchain/bin/../lib/gcc/arm-none-eabi/4.8.4/../../../../arm-none-eabi/lib/armv7e-m/fpu\libg_s.a(lib_a-init.o)
                0x00006a08                __libc_init_array
 .text.memset   0x00006a54       0x10 c:/freescale/kds_3.0.0/toolchain/bin/../lib/gcc/arm-none-eabi/4.8.4/../../../../arm-none-eabi/lib/armv7e-m/fpu\libg_s.a(lib_a-memset.o)
                0x00006a54                memset
 .text._free_r  0x00006a64       0x88 c:/freescale/kds_3.0.0/toolchain/bin/../lib/gcc/arm-none-eabi/4.8.4/../../../../arm-none-eabi/lib/armv7e-m/fpu\libg_s.a(lib_a-nano-freer.o)
                0x00006a64                _free_r
 .text._malloc_r
                0x00006aec       0xa8 c:/freescale/kds_3.0.0/toolchain/bin/../lib/gcc/arm-none-eabi/4.8.4/../../../../arm-none-eabi/lib/armv7e-m/fpu\libg_s.a(lib_a-nano-mallocr.o)
                0x00006aec                _malloc_r
 .text._sbrk_r  0x00006b94       0x20 c:/freescale/kds_3.0.0/toolchain/bin/../lib/gcc/arm-none-eabi/4.8.4/../../../../arm-none-eabi/lib/armv7e-m/fpu\libg_s.a(lib_a-sbrkr.o)
                0x00006b94                _sbrk_r
 .text.__sfputc_r
                0x00006bb4       0x2c c:/freescale/kds_3.0.0/toolchain/bin/../lib/gcc/arm-none-eabi/4.8.4/../../../../arm-none-eabi/lib/armv7e-m/fpu\libg_s.a(lib_a-vfprintf.o)
 .text.__sfputs_r
                0x00006be0       0x24 c:/freescale/kds_3.0.0/toolchain/bin/../lib/gcc/arm-none-eabi/4.8.4/../../../../arm-none-eabi/lib/armv7e-m/fpu\libg_s.a(lib_a-vfprintf.o)
                0x00006be0                __sfputs_r
 .text._vfprintf_r
                0x00006c04      0x208 c:/freescale/kds_3.0.0/toolchain/bin/../lib/gcc/arm-none-eabi/4.8.4/../../../../arm-none-eabi/lib/armv7e-m/fpu\libg_s.a(lib_a-vfprintf.o)
                0x00006c04                _vfprintf_r
                0x00006c04                _vfiprintf_r
 .text._printf_common
                0x00006e0c       0xe4 c:/freescale/kds_3.0.0/toolchain/bin/../lib/gcc/arm-none-eabi/4.8.4/../../../../arm-none-eabi/lib/armv7e-m/fpu\libg_s.a(lib_a-vfprintf_i.o)
                0x00006e0c                _printf_common
 .text._printf_i
                0x00006ef0      0x228 c:/freescale/kds_3.0.0/toolchain/bin/../lib/gcc/arm-none-eabi/4.8.4/../../../../arm-none-eabi/lib/armv7e-m/fpu\libg_s.a(lib_a-vfprintf_i.o)
                0x00006ef0                _printf_i
 .text.__swbuf_r
                0x00007118       0xa8 c:/freescale/kds_3.0.0/toolchain/bin/../lib/gcc/arm-none-eabi/4.8.4/../../../../arm-none-eabi/lib/armv7e-m/fpu\libg_s.a(lib_a-wbuf.o)
                0x00007118                __swbuf_r
 .text.__swsetup_r
                0x000071c0       0xdc c:/freescale/kds_3.0.0/toolchain/bin/../lib/gcc/arm-none-eabi/4.8.4/../../../../arm-none-eabi/lib/armv7e-m/fpu\libg_s.a(lib_a-wsetup.o)
                0x000071c0                __swsetup_r
 .text.abort    0x0000729c        0xe c:/freescale/kds_3.0.0/toolchain/bin/../lib/gcc/arm-none-eabi/4.8.4/../../../../arm-none-eabi/lib/armv7e-m/fpu\libg_s.a(lib_a-abort.o)
                0x0000729c                abort
 .text.__sflush_r
                0x000072aa      0x106 c:/freescale/kds_3.0.0/toolchain/bin/../lib/gcc/arm-none-eabi/4.8.4/../../../../arm-none-eabi/lib/armv7e-m/fpu\libg_s.a(lib_a-fflush.o)
                0x000072aa                __sflush_r
 .text._fflush_r
                0x000073b0       0x54 c:/freescale/kds_3.0.0/toolchain/bin/../lib/gcc/arm-none-eabi/4.8.4/../../../../arm-none-eabi/lib/armv7e-m/fpu\libg_s.a(lib_a-fflush.o)
                0x000073b0                _fflush_r
 .text._cleanup_r
                0x00007404       0x32 c:/freescale/kds_3.0.0/toolchain/bin/../lib/gcc/arm-none-eabi/4.8.4/../../../../arm-none-eabi/lib/armv7e-m/fpu\libg_s.a(lib_a-findfp.o)
                0x00007404                _cleanup_r
 *fill*         0x00007436        0x2 
 .text.std.isra.0
                0x00007438       0x48 c:/freescale/kds_3.0.0/toolchain/bin/../lib/gcc/arm-none-eabi/4.8.4/../../../../arm-none-eabi/lib/armv7e-m/fpu\libg_s.a(lib_a-findfp.o)
 .text.__sfmoreglue
                0x00007480       0x2c c:/freescale/kds_3.0.0/toolchain/bin/../lib/gcc/arm-none-eabi/4.8.4/../../../../arm-none-eabi/lib/armv7e-m/fpu\libg_s.a(lib_a-findfp.o)
                0x00007480                __sfmoreglue
 .text.__sinit  0x000074ac       0x60 c:/freescale/kds_3.0.0/toolchain/bin/../lib/gcc/arm-none-eabi/4.8.4/../../../../arm-none-eabi/lib/armv7e-m/fpu\libg_s.a(lib_a-findfp.o)
                0x000074ac                __sinit
 .text.__sfp    0x0000750c       0x74 c:/freescale/kds_3.0.0/toolchain/bin/../lib/gcc/arm-none-eabi/4.8.4/../../../../arm-none-eabi/lib/armv7e-m/fpu\libg_s.a(lib_a-findfp.o)
                0x0000750c                __sfp
 .text.__smakebuf_r
                0x00007580       0x9c c:/freescale/kds_3.0.0/toolchain/bin/../lib/gcc/arm-none-eabi/4.8.4/../../../../arm-none-eabi/lib/armv7e-m/fpu\libg_s.a(lib_a-makebuf.o)
                0x00007580                __smakebuf_r
 .text.memchr   0x0000761c       0x1e c:/freescale/kds_3.0.0/toolchain/bin/../lib/gcc/arm-none-eabi/4.8.4/../../../../arm-none-eabi/lib/armv7e-m/fpu\libg_s.a(lib_a-memchr-stub.o)
                0x0000761c                memchr
 .text._raise_r
                0x0000763a       0x50 c:/freescale/kds_3.0.0/toolchain/bin/../lib/gcc/arm-none-eabi/4.8.4/../../../../arm-none-eabi/lib/armv7e-m/fpu\libg_s.a(lib_a-signal.o)
                0x0000763a                _raise_r
 *fill*         0x0000768a        0x2 
 .text.raise    0x0000768c       0x10 c:/freescale/kds_3.0.0/toolchain/bin/../lib/gcc/arm-none-eabi/4.8.4/../../../../arm-none-eabi/lib/armv7e-m/fpu\libg_s.a(lib_a-signal.o)
                0x0000768c                raise
 .text._kill_r  0x0000769c       0x24 c:/freescale/kds_3.0.0/toolchain/bin/../lib/gcc/arm-none-eabi/4.8.4/../../../../arm-none-eabi/lib/armv7e-m/fpu\libg_s.a(lib_a-signalr.o)
                0x0000769c                _kill_r
 .text._getpid_r
                0x000076c0        0x4 c:/freescale/kds_3.0.0/toolchain/bin/../lib/gcc/arm-none-eabi/4.8.4/../../../../arm-none-eabi/lib/armv7e-m/fpu\libg_s.a(lib_a-signalr.o)
                0x000076c0                _getpid_r
 .text.__sread  0x000076c4       0x22 c:/freescale/kds_3.0.0/toolchain/bin/../lib/gcc/arm-none-eabi/4.8.4/../../../../arm-none-eabi/lib/armv7e-m/fpu\libg_s.a(lib_a-stdio.o)
                0x000076c4                __sread
 .text.__swrite
                0x000076e6       0x38 c:/freescale/kds_3.0.0/toolchain/bin/../lib/gcc/arm-none-eabi/4.8.4/../../../../arm-none-eabi/lib/armv7e-m/fpu\libg_s.a(lib_a-stdio.o)
                0x000076e6                __swrite
 .text.__sseek  0x0000771e       0x24 c:/freescale/kds_3.0.0/toolchain/bin/../lib/gcc/arm-none-eabi/4.8.4/../../../../arm-none-eabi/lib/armv7e-m/fpu\libg_s.a(lib_a-stdio.o)
                0x0000771e                __sseek
 .text.__sclose
                0x00007742        0x8 c:/freescale/kds_3.0.0/toolchain/bin/../lib/gcc/arm-none-eabi/4.8.4/../../../../arm-none-eabi/lib/armv7e-m/fpu\libg_s.a(lib_a-stdio.o)
                0x00007742                __sclose
 .text.strlen   0x0000774a       0x10 c:/freescale/kds_3.0.0/toolchain/bin/../lib/gcc/arm-none-eabi/4.8.4/../../../../arm-none-eabi/lib/armv7e-m/fpu\libg_s.a(lib_a-strlen.o)
                0x0000774a                strlen
 *fill*         0x0000775a        0x2 
 .text._write_r
                0x0000775c       0x24 c:/freescale/kds_3.0.0/toolchain/bin/../lib/gcc/arm-none-eabi/4.8.4/../../../../arm-none-eabi/lib/armv7e-m/fpu\libg_s.a(lib_a-writer.o)
                0x0000775c                _write_r
 .text._close_r
                0x00007780       0x20 c:/freescale/kds_3.0.0/toolchain/bin/../lib/gcc/arm-none-eabi/4.8.4/../../../../arm-none-eabi/lib/armv7e-m/fpu\libg_s.a(lib_a-closer.o)
                0x00007780                _close_r
 .text._fstat_r
                0x000077a0       0x24 c:/freescale/kds_3.0.0/toolchain/bin/../lib/gcc/arm-none-eabi/4.8.4/../../../../arm-none-eabi/lib/armv7e-m/fpu\libg_s.a(lib_a-fstatr.o)
                0x000077a0                _fstat_r
 .text._isatty_r
                0x000077c4       0x20 c:/freescale/kds_3.0.0/toolchain/bin/../lib/gcc/arm-none-eabi/4.8.4/../../../../arm-none-eabi/lib/armv7e-m/fpu\libg_s.a(lib_a-isattyr.o)
                0x000077c4                _isatty_r
 .text._lseek_r
                0x000077e4       0x24 c:/freescale/kds_3.0.0/toolchain/bin/../lib/gcc/arm-none-eabi/4.8.4/../../../../arm-none-eabi/lib/armv7e-m/fpu\libg_s.a(lib_a-lseekr.o)
                0x000077e4                _lseek_r
 .text._read_r  0x00007808       0x24 c:/freescale/kds_3.0.0/toolchain/bin/../lib/gcc/arm-none-eabi/4.8.4/../../../../arm-none-eabi/lib/armv7e-m/fpu\libg_s.a(lib_a-readr.o)
                0x00007808                _read_r
 .text._close   0x0000782c       0x10 c:/freescale/kds_3.0.0/toolchain/bin/../lib/gcc/arm-none-eabi/4.8.4/../../../../arm-none-eabi/lib/armv7e-m/fpu\libnosys.a(close.o)
                0x0000782c                _close
 .text._fstat   0x0000783c       0x10 c:/freescale/kds_3.0.0/toolchain/bin/../lib/gcc/arm-none-eabi/4.8.4/../../../../arm-none-eabi/lib/armv7e-m/fpu\libnosys.a(fstat.o)
                0x0000783c                _fstat
 .text._getpid  0x0000784c       0x10 c:/freescale/kds_3.0.0/toolchain/bin/../lib/gcc/arm-none-eabi/4.8.4/../../../../arm-none-eabi/lib/armv7e-m/fpu\libnosys.a(getpid.o)
                0x0000784c                _getpid
 .text._isatty  0x0000785c       0x10 c:/freescale/kds_3.0.0/toolchain/bin/../lib/gcc/arm-none-eabi/4.8.4/../../../../arm-none-eabi/lib/armv7e-m/fpu\libnosys.a(isatty.o)
                0x0000785c                _isatty
 .text._kill    0x0000786c       0x10 c:/freescale/kds_3.0.0/toolchain/bin/../lib/gcc/arm-none-eabi/4.8.4/../../../../arm-none-eabi/lib/armv7e-m/fpu\libnosys.a(kill.o)
                0x0000786c                _kill
 .text._lseek   0x0000787c       0x10 c:/freescale/kds_3.0.0/toolchain/bin/../lib/gcc/arm-none-eabi/4.8.4/../../../../arm-none-eabi/lib/armv7e-m/fpu\libnosys.a(lseek.o)
                0x0000787c                _lseek
 .text._read    0x0000788c       0x10 c:/freescale/kds_3.0.0/toolchain/bin/../lib/gcc/arm-none-eabi/4.8.4/../../../../arm-none-eabi/lib/armv7e-m/fpu\libnosys.a(read.o)
                0x0000788c                _read
 .text._sbrk    0x0000789c       0x34 c:/freescale/kds_3.0.0/toolchain/bin/../lib/gcc/arm-none-eabi/4.8.4/../../../../arm-none-eabi/lib/armv7e-m/fpu\libnosys.a(sbrk.o)
                0x0000789c                _sbrk
 .text._write   0x000078d0       0x10 c:/freescale/kds_3.0.0/toolchain/bin/../lib/gcc/arm-none-eabi/4.8.4/../../../../arm-none-eabi/lib/armv7e-m/fpu\libnosys.a(write.o)
                0x000078d0                _write
 .text._exit    0x000078e0        0x4 c:/freescale/kds_3.0.0/toolchain/bin/../lib/gcc/arm-none-eabi/4.8.4/../../../../arm-none-eabi/lib/armv7e-m/fpu\libnosys.a(_exit.o)
                0x000078e0                _exit
 *(.rodata)
 .rodata        0x000078e4       0x80 ./Sources/Events.o
 .rodata        0x00007964        0x8 ./Sources/main.o
 .rodata        0x0000796c      0x1e4 ./SDK/platform/system/src/clock/MK22F51212/fsl_clock_MK22F51212.o
 .rodata        0x00007b50       0x64 ./SDK/platform/osa/src/fsl_os_abstraction_bm.o
 .rodata        0x00007bb4      0x10c ./SDK/platform/hal/src/sim/MK22F51212/fsl_sim_hal_MK22F51212.o
 .rodata        0x00007cc0       0x38 ./SDK/platform/hal/src/gpio/fsl_gpio_hal.o
 .rodata        0x00007cf8      0x19c ./SDK/platform/hal/src/ftm/fsl_ftm_hal.o
 .rodata        0x00007e94      0x13c ./SDK/platform/drivers/src/uart/fsl_uart_driver.o
 .rodata        0x00007fd0      0x184 ./SDK/platform/drivers/src/pit/fsl_pit_driver.o
 .rodata        0x00008154      0x168 ./SDK/platform/drivers/src/gpio/fsl_gpio_driver.o
 .rodata        0x000082bc      0x2d0 ./SDK/platform/drivers/src/ftm/fsl_ftm_driver.o
 .rodata        0x0000858c      0x164 ./SDK/platform/drivers/src/edma/fsl_edma_driver.o
 .rodata        0x000086f0       0xe4 ./SDK/platform/drivers/src/dspi/fsl_dspi_master_driver.o
 .rodata        0x000087d4       0x5c ./SDK/platform/drivers/src/dspi/fsl_dspi_shared_function.o
 .rodata        0x00008830       0x2c ./Generated_Code/osa1.o
 .rodata        0x0000885c       0x64 ./Generated_Code/pin_init.o
 *(.rodata*)
 .rodata.__func__.8426
                0x000088c0       0x18 ./Sources/Events.o
 .rodata.portGateTable
                0x000088d8        0x8 ./SDK/platform/system/src/clock/MK22F51212/fsl_clock_MK22F51212.o
 .rodata.ftmGateTable
                0x000088e0        0x4 ./SDK/platform/system/src/clock/MK22F51212/fsl_clock_MK22F51212.o
 .rodata.spiGateTable
                0x000088e4        0x4 ./SDK/platform/system/src/clock/MK22F51212/fsl_clock_MK22F51212.o
 .rodata.uartGateTable
                0x000088e8        0x4 ./SDK/platform/system/src/clock/MK22F51212/fsl_clock_MK22F51212.o
 .rodata.__func__.7510
                0x000088ec       0x1c ./SDK/platform/system/src/clock/MK22F51212/fsl_clock_MK22F51212.o
 .rodata.__func__.7549
                0x00008908       0x1c ./SDK/platform/system/src/clock/MK22F51212/fsl_clock_MK22F51212.o
 .rodata.__func__.7562
                0x00008924       0x1c ./SDK/platform/system/src/clock/MK22F51212/fsl_clock_MK22F51212.o
 .rodata.__func__.7588
                0x00008940       0x1c ./SDK/platform/system/src/clock/MK22F51212/fsl_clock_MK22F51212.o
 .rodata.__func__.7551
                0x0000895c       0x10 ./SDK/platform/osa/src/fsl_os_abstraction_bm.o
 .rodata.__func__.7557
                0x0000896c       0x10 ./SDK/platform/osa/src/fsl_os_abstraction_bm.o
 .rodata.__func__.7561
                0x0000897c       0x10 ./SDK/platform/osa/src/fsl_os_abstraction_bm.o
 .rodata.__func__.7607
                0x0000898c       0x10 ./SDK/platform/osa/src/fsl_os_abstraction_bm.o
 .rodata.__func__.6591
                0x0000899c       0x24 ./SDK/platform/hal/src/sim/MK22F51212/fsl_sim_hal_MK22F51212.o
 .rodata.fllFactorTable.6182
                0x000089c0       0x10 ./SDK/platform/hal/src/mcg/fsl_mcg_hal.o
 .rodata.__func__.5961
                0x000089d0       0x14 ./SDK/platform/hal/src/gpio/fsl_gpio_hal.o
 .rodata.__func__.5967
                0x000089e4       0x18 ./SDK/platform/hal/src/gpio/fsl_gpio_hal.o
 .rodata.__func__.6167
                0x000089fc       0x10 ./SDK/platform/hal/src/ftm/fsl_ftm_hal.o
 .rodata.__func__.6445
                0x00008a0c       0x14 ./SDK/platform/hal/src/ftm/fsl_ftm_hal.o
 .rodata.__func__.6213
                0x00008a20       0x20 ./SDK/platform/hal/src/ftm/fsl_ftm_hal.o
 .rodata.__func__.6461
                0x00008a40       0x18 ./SDK/platform/hal/src/ftm/fsl_ftm_hal.o
 .rodata.__func__.6231
                0x00008a58       0x20 ./SDK/platform/hal/src/ftm/fsl_ftm_hal.o
 .rodata.__func__.6049
                0x00008a78       0x18 ./SDK/platform/hal/src/ftm/fsl_ftm_hal.o
 .rodata.__func__.6043
                0x00008a90       0x18 ./SDK/platform/hal/src/ftm/fsl_ftm_hal.o
 .rodata.__func__.6016
                0x00008aa8       0x14 ./SDK/platform/hal/src/ftm/fsl_ftm_hal.o
 .rodata.__func__.6243
                0x00008abc       0x20 ./SDK/platform/hal/src/ftm/fsl_ftm_hal.o
 .rodata.__func__.6101
                0x00008adc       0x18 ./SDK/platform/hal/src/ftm/fsl_ftm_hal.o
 .rodata.s_baudratePrescaler
                0x00008af4       0x10 ./SDK/platform/hal/src/dspi/fsl_dspi_hal.o
 .rodata.s_baudrateScaler
                0x00008b04       0x40 ./SDK/platform/hal/src/dspi/fsl_dspi_hal.o
 .rodata.g_uartBase
                0x00008b44        0xc ./SDK/platform/drivers/src/uart/fsl_uart_common.o
                0x00008b44                g_uartBase
 .rodata.__func__.8203
                0x00008b50       0x10 ./SDK/platform/drivers/src/uart/fsl_uart_driver.o
 .rodata.__func__.8176
                0x00008b60       0x14 ./SDK/platform/drivers/src/uart/fsl_uart_driver.o
 .rodata.__func__.8245
                0x00008b74       0x1c ./SDK/platform/drivers/src/uart/fsl_uart_driver.o
 .rodata.__func__.8326
                0x00008b90       0x1c ./SDK/platform/drivers/src/uart/fsl_uart_driver.o
 .rodata.__func__.8334
                0x00008bac       0x18 ./SDK/platform/drivers/src/uart/fsl_uart_driver.o
 .rodata.__func__.8340
                0x00008bc4       0x20 ./SDK/platform/drivers/src/uart/fsl_uart_driver.o
 .rodata.g_pitBase
                0x00008be4        0x4 ./SDK/platform/drivers/src/pit/fsl_pit_common.o
                0x00008be4                g_pitBase
 .rodata.g_pitIrqId
                0x00008be8        0x4 ./SDK/platform/drivers/src/pit/fsl_pit_common.o
                0x00008be8                g_pitIrqId
 .rodata.__func__.7520
                0x00008bec       0x10 ./SDK/platform/drivers/src/pit/fsl_pit_driver.o
 .rodata.__func__.7527
                0x00008bfc       0x14 ./SDK/platform/drivers/src/pit/fsl_pit_driver.o
 .rodata.__func__.5941
                0x00008c10       0x14 ./SDK/platform/drivers/src/pit/fsl_pit_driver.o
 .rodata.__func__.7504
                0x00008c24       0x14 ./SDK/platform/drivers/src/pit/fsl_pit_driver.o
 .rodata.__func__.7542
                0x00008c38       0x14 ./SDK/platform/drivers/src/pit/fsl_pit_driver.o
 .rodata.__func__.5909
                0x00008c4c       0x14 ./SDK/platform/drivers/src/pit/fsl_pit_driver.o
 .rodata.__func__.7555
                0x00008c60       0x1c ./SDK/platform/drivers/src/pit/fsl_pit_driver.o
 .rodata.__func__.5925
                0x00008c7c       0x20 ./SDK/platform/drivers/src/pit/fsl_pit_driver.o
 .rodata.g_gpioBase
                0x00008c9c       0x14 ./SDK/platform/drivers/src/gpio/fsl_gpio_common.o
                0x00008c9c                g_gpioBase
 .rodata.g_portBase
                0x00008cb0       0x14 ./SDK/platform/drivers/src/gpio/fsl_gpio_common.o
                0x00008cb0                g_portBase
 .rodata.g_portIrqId
                0x00008cc4        0x8 ./SDK/platform/drivers/src/gpio/fsl_gpio_common.o
                0x00008cc4                g_portIrqId
 .rodata.__func__.5963
                0x00008ccc       0x14 ./SDK/platform/drivers/src/gpio/fsl_gpio_driver.o
 .rodata.__func__.5933
                0x00008ce0       0x14 ./SDK/platform/drivers/src/gpio/fsl_gpio_driver.o
 .rodata.__func__.5927
                0x00008cf4       0x18 ./SDK/platform/drivers/src/gpio/fsl_gpio_driver.o
 .rodata.__func__.5945
                0x00008d0c       0x20 ./SDK/platform/drivers/src/gpio/fsl_gpio_driver.o
 .rodata.__func__.5975
                0x00008d2c       0x20 ./SDK/platform/drivers/src/gpio/fsl_gpio_driver.o
 .rodata.__func__.5997
                0x00008d4c       0x18 ./SDK/platform/drivers/src/gpio/fsl_gpio_driver.o
 .rodata.__func__.7646
                0x00008d64       0x14 ./SDK/platform/drivers/src/gpio/fsl_gpio_driver.o
 .rodata.__func__.5939
                0x00008d78       0x1c ./SDK/platform/drivers/src/gpio/fsl_gpio_driver.o
 .rodata.__func__.5957
                0x00008d94       0x20 ./SDK/platform/drivers/src/gpio/fsl_gpio_driver.o
 .rodata.__func__.5951
                0x00008db4       0x1c ./SDK/platform/drivers/src/gpio/fsl_gpio_driver.o
 .rodata.__func__.6061
                0x00008dd0       0x18 ./SDK/platform/drivers/src/gpio/fsl_gpio_driver.o
 .rodata.__func__.6066
                0x00008de8       0x18 ./SDK/platform/drivers/src/gpio/fsl_gpio_driver.o
 .rodata.__func__.6095
                0x00008e00       0x18 ./SDK/platform/drivers/src/gpio/fsl_gpio_driver.o
 .rodata.g_ftmBase
                0x00008e18       0x10 ./SDK/platform/drivers/src/ftm/fsl_ftm_common.o
                0x00008e18                g_ftmBase
 .rodata.g_ftmIrqId
                0x00008e28        0x4 ./SDK/platform/drivers/src/ftm/fsl_ftm_common.o
                0x00008e28                g_ftmIrqId
 .rodata.g_ftmChannelCount
                0x00008e2c       0x10 ./SDK/platform/drivers/src/ftm/fsl_ftm_driver.o
                0x00008e2c                g_ftmChannelCount
 .rodata.__func__.8013
                0x00008e3c       0x10 ./SDK/platform/drivers/src/ftm/fsl_ftm_driver.o
 .rodata.__func__.6458
                0x00008e4c       0x14 ./SDK/platform/drivers/src/ftm/fsl_ftm_driver.o
 .rodata.__func__.8068
                0x00008e60       0x14 ./SDK/platform/drivers/src/ftm/fsl_ftm_driver.o
 .rodata.__func__.8072
                0x00008e74       0x14 ./SDK/platform/drivers/src/ftm/fsl_ftm_driver.o
 .rodata.__func__.8086
                0x00008e88       0x10 ./SDK/platform/drivers/src/ftm/fsl_ftm_driver.o
 .rodata.__func__.8097
                0x00008e98       0x14 ./SDK/platform/drivers/src/ftm/fsl_ftm_driver.o
 .rodata.__func__.6101
                0x00008eac       0x18 ./SDK/platform/drivers/src/ftm/fsl_ftm_driver.o
 .rodata.__func__.6075
                0x00008ec4       0x18 ./SDK/platform/drivers/src/ftm/fsl_ftm_driver.o
 .rodata.__func__.6116
                0x00008edc       0x1c ./SDK/platform/drivers/src/ftm/fsl_ftm_driver.o
 .rodata.g_edmaBase
                0x00008ef8        0x4 ./SDK/platform/drivers/src/edma/fsl_edma_common.o
                0x00008ef8                g_edmaBase
 .rodata.g_dmamuxBase
                0x00008efc        0x4 ./SDK/platform/drivers/src/edma/fsl_edma_common.o
                0x00008efc                g_dmamuxBase
 .rodata.g_edmaIrqId
                0x00008f00       0x10 ./SDK/platform/drivers/src/edma/fsl_edma_common.o
                0x00008f00                g_edmaIrqId
 .rodata.g_edmaErrIrqId
                0x00008f10        0x4 ./SDK/platform/drivers/src/edma/fsl_edma_common.o
                0x00008f10                g_edmaErrIrqId
 .rodata.__func__.8261
                0x00008f14       0x14 ./SDK/platform/drivers/src/edma/fsl_edma_driver.o
 .rodata.g_dspiBase
                0x00008f28        0x8 ./SDK/platform/drivers/src/dspi/fsl_dspi_common.o
                0x00008f28                g_dspiBase
 .rodata.g_dspiFifoSize
                0x00008f30        0x8 ./SDK/platform/drivers/src/dspi/fsl_dspi_common.o
                0x00008f30                g_dspiFifoSize
 .rodata.g_dspiIrqId
                0x00008f38        0x4 ./SDK/platform/drivers/src/dspi/fsl_dspi_common.o
                0x00008f38                g_dspiIrqId
 .rodata.__func__.7894
                0x00008f3c       0x14 ./SDK/platform/drivers/src/dspi/fsl_dspi_master_driver.o
 .rodata.__func__.7939
                0x00008f50       0x1c ./SDK/platform/drivers/src/dspi/fsl_dspi_master_driver.o
 .rodata.__func__.6132
                0x00008f6c       0x14 ./SDK/platform/drivers/src/dspi/fsl_dspi_shared_function.o
 .rodata.dmaController1_InitConfig0
                0x00008f80        0x4 ./Generated_Code/dmaController1.o
                0x00008f80                dmaController1_InitConfig0
 .rodata.dspiCom1_BusConfig0
                0x00008f84        0xc ./Generated_Code/dspiCom1.o
                0x00008f84                dspiCom1_BusConfig0
 .rodata.dspiCom1_MasterConfig0
                0x00008f90        0x8 ./Generated_Code/dspiCom1.o
                0x00008f90                dspiCom1_MasterConfig0
 .rodata.gpio1_InpConfig0
                0x00008f98       0x3c ./Generated_Code/gpio1.o
                0x00008f98                gpio1_InpConfig0
 .rodata.gpio1_OutConfig0
                0x00008fd4       0x30 ./Generated_Code/gpio1.o
                0x00008fd4                gpio1_OutConfig0
 .rodata.__func__.10374
                0x00009004       0x10 ./Generated_Code/osa1.o
 .rodata.__func__.5963
                0x00009014       0x14 ./Generated_Code/pin_init.o
 .rodata.__func__.5927
                0x00009028       0x18 ./Generated_Code/pin_init.o
 .rodata.__func__.5933
                0x00009040       0x14 ./Generated_Code/pin_init.o
 .rodata.__func__.5957
                0x00009054       0x20 ./Generated_Code/pin_init.o
 .rodata.__func__.5939
                0x00009074       0x1c ./Generated_Code/pin_init.o
 .rodata.__func__.5951
                0x00009090       0x1c ./Generated_Code/pin_init.o
 .rodata.pitTimer1_InitConfig0
                0x000090ac        0x8 ./Generated_Code/pitTimer1.o
                0x000090ac                pitTimer1_InitConfig0
 .rodata.uartCom1_InitConfig0
                0x000090b4        0x8 ./Generated_Code/uartCom1.o
                0x000090b4                uartCom1_InitConfig0
 .rodata.str1.1
                0x000090bc       0x3c c:/freescale/kds_3.0.0/toolchain/bin/../lib/gcc/arm-none-eabi/4.8.4/../../../../arm-none-eabi/lib/armv7e-m/fpu\libg_s.a(lib_a-assert.o)
                                 0x3d (size before relaxing)
 .rodata.str1.1
                0x000090f8        0x2 c:/freescale/kds_3.0.0/toolchain/bin/../lib/gcc/arm-none-eabi/4.8.4/../../../../arm-none-eabi/lib/armv7e-m/fpu\libg_s.a(lib_a-impure.o)
 *fill*         0x000090fa        0x2 
 .rodata._global_impure_ptr
                0x000090fc        0x4 c:/freescale/kds_3.0.0/toolchain/bin/../lib/gcc/arm-none-eabi/4.8.4/../../../../arm-none-eabi/lib/armv7e-m/fpu\libg_s.a(lib_a-impure.o)
                0x000090fc                _global_impure_ptr
 .rodata.str1.1
                0x00009100       0x11 c:/freescale/kds_3.0.0/toolchain/bin/../lib/gcc/arm-none-eabi/4.8.4/../../../../arm-none-eabi/lib/armv7e-m/fpu\libg_s.a(lib_a-vfprintf.o)
 .rodata.str1.1
                0x00009111       0x22 c:/freescale/kds_3.0.0/toolchain/bin/../lib/gcc/arm-none-eabi/4.8.4/../../../../arm-none-eabi/lib/armv7e-m/fpu\libg_s.a(lib_a-vfprintf_i.o)
 *fill*         0x00009133        0x1 
 .rodata.__sf_fake_stdin
                0x00009134       0x20 c:/freescale/kds_3.0.0/toolchain/bin/../lib/gcc/arm-none-eabi/4.8.4/../../../../arm-none-eabi/lib/armv7e-m/fpu\libg_s.a(lib_a-findfp.o)
                0x00009134                __sf_fake_stdin
 .rodata.__sf_fake_stdout
                0x00009154       0x20 c:/freescale/kds_3.0.0/toolchain/bin/../lib/gcc/arm-none-eabi/4.8.4/../../../../arm-none-eabi/lib/armv7e-m/fpu\libg_s.a(lib_a-findfp.o)
                0x00009154                __sf_fake_stdout
 .rodata.__sf_fake_stderr
                0x00009174       0x20 c:/freescale/kds_3.0.0/toolchain/bin/../lib/gcc/arm-none-eabi/4.8.4/../../../../arm-none-eabi/lib/armv7e-m/fpu\libg_s.a(lib_a-findfp.o)
                0x00009174                __sf_fake_stderr
 *(.glue_7)
 .glue_7        0x00000000        0x0 linker stubs
 *(.glue_7t)
 .glue_7t       0x00000000        0x0 linker stubs
 *(.eh_frame)
 .eh_frame      0x00009194        0x0 c:/freescale/kds_3.0.0/toolchain/bin/../lib/gcc/arm-none-eabi/4.8.4/armv7e-m/fpu/crtbegin.o
 *(.init)
 .init          0x00009194        0x4 c:/freescale/kds_3.0.0/toolchain/bin/../lib/gcc/arm-none-eabi/4.8.4/armv7e-m/fpu/crti.o
                0x00009194                _init
 .init          0x00009198        0x8 c:/freescale/kds_3.0.0/toolchain/bin/../lib/gcc/arm-none-eabi/4.8.4/armv7e-m/fpu/crtn.o
 *(.fini)
 .fini          0x000091a0        0x4 c:/freescale/kds_3.0.0/toolchain/bin/../lib/gcc/arm-none-eabi/4.8.4/armv7e-m/fpu/crti.o
                0x000091a0                _fini
 .fini          0x000091a4        0x8 c:/freescale/kds_3.0.0/toolchain/bin/../lib/gcc/arm-none-eabi/4.8.4/armv7e-m/fpu/crtn.o
                0x000091ac                . = ALIGN (0x4)

.vfp11_veneer   0x000091ac        0x0
 .vfp11_veneer  0x00000000        0x0 linker stubs

.v4_bx          0x000091ac        0x0
 .v4_bx         0x00000000        0x0 linker stubs

.iplt           0x000091ac        0x0
 .iplt          0x00000000        0x0 c:/freescale/kds_3.0.0/toolchain/bin/../lib/gcc/arm-none-eabi/4.8.4/armv7e-m/fpu/crtbegin.o

.ARM.extab
 *(.ARM.extab* .gnu.linkonce.armextab.*)

.ARM            0x000091ac        0x8
                0x000091ac                __exidx_start = .
 *(.ARM.exidx*)
 .ARM.exidx     0x000091ac        0x8 c:/freescale/kds_3.0.0/toolchain/bin/../lib/gcc/arm-none-eabi/4.8.4/../../../../arm-none-eabi/lib/armv7e-m/fpu/crt0.o
 .ARM.exidx     0x000091b4        0x0 c:/freescale/kds_3.0.0/toolchain/bin/../lib/gcc/arm-none-eabi/4.8.4/armv7e-m/fpu\libgcc.a(_divdi3.o)
                                  0x8 (size before relaxing)
 .ARM.exidx     0x000091b4        0x0 c:/freescale/kds_3.0.0/toolchain/bin/../lib/gcc/arm-none-eabi/4.8.4/armv7e-m/fpu\libgcc.a(_udivdi3.o)
                                  0x8 (size before relaxing)
                0x000091b4                __exidx_end = .

.rel.dyn        0x000091b4        0x0
 .rel.iplt      0x00000000        0x0 c:/freescale/kds_3.0.0/toolchain/bin/../lib/gcc/arm-none-eabi/4.8.4/armv7e-m/fpu/crtbegin.o

.ctors          0x000091b4        0x0
                0x000091b4                __CTOR_LIST__ = .
 *crtbegin.o(.ctors)
 *crtbegin?.o(.ctors)
 *(EXCLUDE_FILE(*crtend.o *crtend?.o) .ctors)
 *(SORT(.ctors.*))
 *(.ctors)
                0x000091b4                __CTOR_END__ = .

.dtors          0x000091b4        0x0
                0x000091b4                __DTOR_LIST__ = .
 *crtbegin.o(.dtors)
 *crtbegin?.o(.dtors)
 *(EXCLUDE_FILE(*crtend.o *crtend?.o) .dtors)
 *(SORT(.dtors.*))
 *(.dtors)
                0x000091b4                __DTOR_END__ = .

.preinit_array  0x000091b4        0x0
                0x000091b4                PROVIDE (__preinit_array_start, .)
 *(.preinit_array*)
                0x000091b4                PROVIDE (__preinit_array_end, .)

.init_array     0x000091b4        0x4
                0x000091b4                PROVIDE (__init_array_start, .)
 *(SORT(.init_array.*))
 *(.init_array*)
 .init_array    0x000091b4        0x4 c:/freescale/kds_3.0.0/toolchain/bin/../lib/gcc/arm-none-eabi/4.8.4/armv7e-m/fpu/crtbegin.o
                0x000091b8                PROVIDE (__init_array_end, .)

.fini_array     0x000091b8        0x4
                0x000091b8                PROVIDE (__fini_array_start, .)
 *(SORT(.fini_array.*))
 *(.fini_array*)
 .fini_array    0x000091b8        0x4 c:/freescale/kds_3.0.0/toolchain/bin/../lib/gcc/arm-none-eabi/4.8.4/armv7e-m/fpu/crtbegin.o
                0x000091bc                PROVIDE (__fini_array_end, .)
                0x000091bc                __etext = .
                0x000091bc                __DATA_ROM = .

.data           0x1fff0400       0x8c load address 0x000091bc
                0x1fff0400                . = ALIGN (0x4)
                0x1fff0400                __DATA_RAM = .
                0x1fff0400                __data_start__ = .
 *(.data)
 *(.data*)
 .data.g_fastInternalRefClkFreq
                0x1fff0400        0x4 ./SDK/platform/hal/src/mcg/fsl_mcg_hal.o
                0x1fff0400                g_fastInternalRefClkFreq
 .data.g_slowInternalRefClkFreq
                0x1fff0404        0x4 ./SDK/platform/hal/src/mcg/fsl_mcg_hal.o
                0x1fff0404                g_slowInternalRefClkFreq
 .data.g_uartRxTxIrqId
                0x1fff0408        0x4 ./SDK/platform/drivers/src/uart/fsl_uart_common.o
                0x1fff0408                g_uartRxTxIrqId
 .data.flexTimer1_ChnConfig0
                0x1fff040c       0x10 ./Generated_Code/flexTimer1.o
                0x1fff040c                flexTimer1_ChnConfig0
 .data.flexTimer1_InitConfig0
                0x1fff041c        0x8 ./Generated_Code/flexTimer1.o
                0x1fff041c                flexTimer1_InitConfig0
 .data.impure_data
                0x1fff0424       0x60 c:/freescale/kds_3.0.0/toolchain/bin/../lib/gcc/arm-none-eabi/4.8.4/../../../../arm-none-eabi/lib/armv7e-m/fpu\libg_s.a(lib_a-impure.o)
 .data._impure_ptr
                0x1fff0484        0x4 c:/freescale/kds_3.0.0/toolchain/bin/../lib/gcc/arm-none-eabi/4.8.4/../../../../arm-none-eabi/lib/armv7e-m/fpu\libg_s.a(lib_a-impure.o)
                0x1fff0484                _impure_ptr
 *(.jcr*)
 .jcr           0x1fff0488        0x0 c:/freescale/kds_3.0.0/toolchain/bin/../lib/gcc/arm-none-eabi/4.8.4/armv7e-m/fpu/crtbegin.o
 .jcr           0x1fff0488        0x4 c:/freescale/kds_3.0.0/toolchain/bin/../lib/gcc/arm-none-eabi/4.8.4/armv7e-m/fpu/crtend.o
                0x1fff048c                . = ALIGN (0x4)
                0x1fff048c                __data_end__ = .
                0x00009248                __DATA_END = (__DATA_ROM + (__data_end__ - __data_start__))
                0x00009248                __m_interrupts_ram_ROMStart = (__DATA_ROM + SIZEOF (.data))

.igot.plt       0x1fff048c        0x0 load address 0x00009248
 .igot.plt      0x00000000        0x0 c:/freescale/kds_3.0.0/toolchain/bin/../lib/gcc/arm-none-eabi/4.8.4/armv7e-m/fpu/crtbegin.o

.m_interrupts_ram
                0x1fff0000      0x400 load address 0x00009248
                0x1fff0000                . = ALIGN (0x4)
                0x1fff0000                __m_interrupts_ram_RAMStart = .
 *(.m_interrupts_ram)
                0x1fff0400                . = (. + 0x400)
 *fill*         0x1fff0000      0x400 
                0x1fff0400                __m_interrupts_ram_RAMEnd = .
                0x1fff0400                . = ALIGN (0x4)
                0x00000400                __m_interrupts_ram_ROMSize = (__m_interrupts_ram_RAMEnd - __m_interrupts_ram_RAMStart)
                0x00000400                __RAM_VECTOR_TABLE_SIZE_BYTES = (__m_interrupts_ram_RAMEnd - __m_interrupts_ram_RAMStart)
                0x00009648                __m_data_2_ROMStart = (__m_interrupts_ram_ROMStart + SIZEOF (.m_interrupts_ram))

.m_data_2       0x20000000        0x0 load address 0x00009648
                0x20000000                . = ALIGN (0x4)
                0x20000000                __m_data_2_RAMStart = .
 *(.m_data_2)
                0x20000000                __m_data_2_RAMEnd = .
                0x20000000                . = ALIGN (0x4)
                0x00000000                __m_data_2_ROMSize = (__m_data_2_RAMEnd - __m_data_2_RAMStart)

.bss            0x1fff0490      0x19c load address 0x00009250
                0x1fff0490                . = ALIGN (0x4)
                0x1fff0490                __START_BSS = .
                0x1fff0490                __bss_start__ = .
 *(.bss)
 .bss           0x1fff0490       0x1c c:/freescale/kds_3.0.0/toolchain/bin/../lib/gcc/arm-none-eabi/4.8.4/armv7e-m/fpu/crtbegin.o
 *(.bss*)
 .bss.g_interruptDisableCount
                0x1fff04ac        0x4 ./SDK/platform/system/src/interrupt/fsl_interrupt_manager.o
                0x1fff04ac                g_interruptDisableCount
 .bss.g_taskControlBlockPool
                0x1fff04b0       0x50 ./SDK/platform/osa/src/fsl_os_abstraction_bm.o
 .bss.g_freeTaskControlBlock
                0x1fff0500        0x4 ./SDK/platform/osa/src/fsl_os_abstraction_bm.o
 .bss.g_taskListHead
                0x1fff0504       0x10 ./SDK/platform/osa/src/fsl_os_abstraction_bm.o
 .bss.g_uartStatePtr
                0x1fff0514        0xc ./SDK/platform/drivers/src/uart/fsl_uart_common.o
                0x1fff0514                g_uartStatePtr
 .bss.s_ftmClockSource
                0x1fff0520        0x1 ./SDK/platform/drivers/src/ftm/fsl_ftm_driver.o
 *fill*         0x1fff0521        0x3 
 .bss.g_edma    0x1fff0524        0x4 ./SDK/platform/drivers/src/edma/fsl_edma_driver.o
                0x1fff0524                g_edma
 .bss.g_dspiStatePtr
                0x1fff0528        0x8 ./SDK/platform/drivers/src/dspi/fsl_dspi_common.o
                0x1fff0528                g_dspiStatePtr
 .bss.dspiCom1_calculatedBaudRate
                0x1fff0530        0x4 ./Generated_Code/dspiCom1.o
                0x1fff0530                dspiCom1_calculatedBaudRate
 .bss.SwTimerIsrCounter
                0x1fff0534        0x2 ./Generated_Code/osa1.o
 *fill*         0x1fff0536        0x2 
 .bss.__malloc_sbrk_start
                0x1fff0538        0x4 c:/freescale/kds_3.0.0/toolchain/bin/../lib/gcc/arm-none-eabi/4.8.4/../../../../arm-none-eabi/lib/armv7e-m/fpu\libg_s.a(lib_a-nano-mallocr.o)
                0x1fff0538                __malloc_sbrk_start
 .bss.__malloc_free_list
                0x1fff053c        0x4 c:/freescale/kds_3.0.0/toolchain/bin/../lib/gcc/arm-none-eabi/4.8.4/../../../../arm-none-eabi/lib/armv7e-m/fpu\libg_s.a(lib_a-nano-mallocr.o)
                0x1fff053c                __malloc_free_list
 .bss.heap_end.4246
                0x1fff0540        0x4 c:/freescale/kds_3.0.0/toolchain/bin/../lib/gcc/arm-none-eabi/4.8.4/../../../../arm-none-eabi/lib/armv7e-m/fpu\libnosys.a(sbrk.o)
 *(COMMON)
 COMMON         0x1fff0544        0x8 ./Static_Code/System/PE_low_level_init.o
                0x1fff0544                Counter
                0x1fff0548                DelayCounter
 COMMON         0x1fff054c        0xc ./SDK/platform/system/src/clock/MK22F51212/fsl_clock_MK22F51212.o
                0x1fff054c                g_usbClkInFreq
                0x1fff0550                g_ftmClkFreq
 COMMON         0x1fff0558        0x8 ./SDK/platform/hal/src/mcg/fsl_mcg_hal.o
                0x1fff0558                g_xtal0ClkFreq
                0x1fff055c                g_xtalRtcClkFreq
 COMMON         0x1fff0560       0x10 ./SDK/platform/drivers/src/pit/fsl_pit_driver.o
                0x1fff0560                g_pitUsInstance
                0x1fff0561                g_pitUsChannel
                0x1fff0568                g_pitSourceClock
 COMMON         0x1fff0570       0x40 ./Generated_Code/dmaController1.o
                0x1fff0570                dmaController1_State
 COMMON         0x1fff05b0       0x38 ./Generated_Code/dspiCom1.o
                0x1fff05b0                dspiCom1_MasterState
 COMMON         0x1fff05e8       0x40 ./Generated_Code/uartCom1.o
                0x1fff05e8                uartCom1_State
 COMMON         0x1fff0628        0x4 c:/freescale/kds_3.0.0/toolchain/bin/../lib/gcc/arm-none-eabi/4.8.4/../../../../arm-none-eabi/lib/armv7e-m/fpu\libg_s.a(lib_a-reent.o)
                0x1fff0628                errno
                0x1fff062c                . = ALIGN (0x4)
                0x1fff062c                __bss_end__ = .
                0x1fff062c                __END_BSS = .

.heap           0x20000000        0x0
                0x20000000                . = ALIGN (0x8)
                0x20000000                __end__ = .
                0x20000000                PROVIDE (end, .)
                0x20000000                __HeapBase = .
                0x20000000                . = (. + HEAP_SIZE)
                0x20000000                __HeapLimit = .

.stack          0x20000000      0x400
                0x20000000                . = ALIGN (0x8)
                0x20000400                . = (. + STACK_SIZE)
 *fill*         0x20000000      0x400 
                0x20010000                __StackTop = (ORIGIN (m_data_2) + 0x10000)
                0x2000fc00                __StackLimit = (__StackTop - STACK_SIZE)
                0x20010000                PROVIDE (__stack, __StackTop)

.ARM.attributes
                0x00000000       0x30
 *(.ARM.attributes)
 .ARM.attributes
                0x00000000       0x22 c:/freescale/kds_3.0.0/toolchain/bin/../lib/gcc/arm-none-eabi/4.8.4/armv7e-m/fpu/crti.o
 .ARM.attributes
                0x00000022       0x34 c:/freescale/kds_3.0.0/toolchain/bin/../lib/gcc/arm-none-eabi/4.8.4/armv7e-m/fpu/crtbegin.o
 .ARM.attributes
                0x00000056       0x20 c:/freescale/kds_3.0.0/toolchain/bin/../lib/gcc/arm-none-eabi/4.8.4/../../../../arm-none-eabi/lib/armv7e-m/fpu/crt0.o
 .ARM.attributes
                0x00000076       0x39 ./Static_Code/System/PE_low_level_init.o
 .ARM.attributes
                0x000000af       0x39 ./Sources/Events.o
 .ARM.attributes
                0x000000e8       0x39 ./Sources/NRF24L01_DRIVER.o
 .ARM.attributes
                0x00000121       0x39 ./Sources/main.o
 .ARM.attributes
                0x0000015a       0x39 ./SDK/platform/system/src/interrupt/fsl_interrupt_manager.o
 .ARM.attributes
                0x00000193       0x39 ./SDK/platform/system/src/clock/MK22F51212/fsl_clock_MK22F51212.o
 .ARM.attributes
                0x000001cc       0x39 ./SDK/platform/osa/src/fsl_os_abstraction_bm.o
 .ARM.attributes
                0x00000205       0x39 ./SDK/platform/hal/src/uart/fsl_uart_hal.o
 .ARM.attributes
                0x0000023e       0x39 ./SDK/platform/hal/src/sim/MK22F51212/fsl_sim_hal_MK22F51212.o
 .ARM.attributes
                0x00000277       0x39 ./SDK/platform/hal/src/mcg/fsl_mcg_hal.o
 .ARM.attributes
                0x000002b0       0x39 ./SDK/platform/hal/src/gpio/fsl_gpio_hal.o
 .ARM.attributes
                0x000002e9       0x39 ./SDK/platform/hal/src/ftm/fsl_ftm_hal.o
 .ARM.attributes
                0x00000322       0x39 ./SDK/platform/hal/src/edma/fsl_edma_hal.o
 .ARM.attributes
                0x0000035b       0x39 ./SDK/platform/hal/src/dspi/fsl_dspi_hal.o
 .ARM.attributes
                0x00000394       0x39 ./SDK/platform/hal/src/dmamux/fsl_dmamux_hal.o
 .ARM.attributes
                0x000003cd       0x39 ./SDK/platform/drivers/src/uart/fsl_uart_common.o
 .ARM.attributes
                0x00000406       0x39 ./SDK/platform/drivers/src/uart/fsl_uart_driver.o
 .ARM.attributes
                0x0000043f       0x39 ./SDK/platform/drivers/src/pit/fsl_pit_common.o
 .ARM.attributes
                0x00000478       0x39 ./SDK/platform/drivers/src/pit/fsl_pit_driver.o
 .ARM.attributes
                0x000004b1       0x39 ./SDK/platform/drivers/src/gpio/fsl_gpio_common.o
 .ARM.attributes
                0x000004ea       0x39 ./SDK/platform/drivers/src/gpio/fsl_gpio_driver.o
 .ARM.attributes
                0x00000523       0x39 ./SDK/platform/drivers/src/ftm/fsl_ftm_common.o
 .ARM.attributes
                0x0000055c       0x39 ./SDK/platform/drivers/src/ftm/fsl_ftm_driver.o
 .ARM.attributes
                0x00000595       0x39 ./SDK/platform/drivers/src/edma/fsl_edma_common.o
 .ARM.attributes
                0x000005ce       0x39 ./SDK/platform/drivers/src/edma/fsl_edma_driver.o
 .ARM.attributes